Archive member included to satisfy reference by file (symbol)

/usr/lib/gcc/arm-none-eabi/10.3.1/../../../arm-none-eabi/lib/thumb/v6-m/nofp/libstdc++.a(functexcept.o)
                              valve_controller/CMakeFiles/valve_controller.dir/valve_controller.cpp.obj (std::__throw_length_error(char const*))
/usr/lib/gcc/arm-none-eabi/10.3.1/../../../arm-none-eabi/lib/thumb/v6-m/nofp/libstdc++.a(snprintf_lite.o)
                              /usr/lib/gcc/arm-none-eabi/10.3.1/../../../arm-none-eabi/lib/thumb/v6-m/nofp/libstdc++.a(functexcept.o) (__gnu_cxx::__snprintf_lite(char*, unsigned int, char const*, std::__va_list))
/usr/lib/gcc/arm-none-eabi/10.3.1/../../../arm-none-eabi/lib/thumb/v6-m/nofp/libstdc++.a(bad_alloc.o)
                              /usr/lib/gcc/arm-none-eabi/10.3.1/../../../arm-none-eabi/lib/thumb/v6-m/nofp/libstdc++.a(functexcept.o) (std::bad_alloc::~bad_alloc())
/usr/lib/gcc/arm-none-eabi/10.3.1/../../../arm-none-eabi/lib/thumb/v6-m/nofp/libstdc++.a(bad_cast.o)
                              /usr/lib/gcc/arm-none-eabi/10.3.1/../../../arm-none-eabi/lib/thumb/v6-m/nofp/libstdc++.a(functexcept.o) (std::bad_cast::~bad_cast())
/usr/lib/gcc/arm-none-eabi/10.3.1/../../../arm-none-eabi/lib/thumb/v6-m/nofp/libstdc++.a(bad_typeid.o)
                              /usr/lib/gcc/arm-none-eabi/10.3.1/../../../arm-none-eabi/lib/thumb/v6-m/nofp/libstdc++.a(functexcept.o) (std::bad_typeid::~bad_typeid())
/usr/lib/gcc/arm-none-eabi/10.3.1/../../../arm-none-eabi/lib/thumb/v6-m/nofp/libstdc++.a(eh_alloc.o)
                              /usr/lib/gcc/arm-none-eabi/10.3.1/../../../arm-none-eabi/lib/thumb/v6-m/nofp/libstdc++.a(functexcept.o) (__cxa_allocate_exception)
/usr/lib/gcc/arm-none-eabi/10.3.1/../../../arm-none-eabi/lib/thumb/v6-m/nofp/libstdc++.a(eh_arm.o)
                              /usr/lib/gcc/arm-none-eabi/10.3.1/../../../arm-none-eabi/lib/thumb/v6-m/nofp/libstdc++.a(functexcept.o) (__cxa_end_cleanup)
/usr/lib/gcc/arm-none-eabi/10.3.1/../../../arm-none-eabi/lib/thumb/v6-m/nofp/libstdc++.a(eh_exception.o)
                              /usr/lib/gcc/arm-none-eabi/10.3.1/../../../arm-none-eabi/lib/thumb/v6-m/nofp/libstdc++.a(bad_alloc.o) (std::exception::~exception())
/usr/lib/gcc/arm-none-eabi/10.3.1/../../../arm-none-eabi/lib/thumb/v6-m/nofp/libstdc++.a(eh_globals.o)
                              /usr/lib/gcc/arm-none-eabi/10.3.1/../../../arm-none-eabi/lib/thumb/v6-m/nofp/libstdc++.a(eh_arm.o) (__cxa_get_globals)
/usr/lib/gcc/arm-none-eabi/10.3.1/../../../arm-none-eabi/lib/thumb/v6-m/nofp/libstdc++.a(eh_personality.o)
                              /usr/lib/gcc/arm-none-eabi/10.3.1/../../../arm-none-eabi/lib/thumb/v6-m/nofp/libstdc++.a(functexcept.o) (__gxx_personality_v0)
/usr/lib/gcc/arm-none-eabi/10.3.1/../../../arm-none-eabi/lib/thumb/v6-m/nofp/libstdc++.a(eh_terminate.o)
                              /usr/lib/gcc/arm-none-eabi/10.3.1/../../../arm-none-eabi/lib/thumb/v6-m/nofp/libstdc++.a(eh_alloc.o) (std::terminate())
/usr/lib/gcc/arm-none-eabi/10.3.1/../../../arm-none-eabi/lib/thumb/v6-m/nofp/libstdc++.a(eh_throw.o)
                              /usr/lib/gcc/arm-none-eabi/10.3.1/../../../arm-none-eabi/lib/thumb/v6-m/nofp/libstdc++.a(functexcept.o) (__cxa_throw)
/usr/lib/gcc/arm-none-eabi/10.3.1/../../../arm-none-eabi/lib/thumb/v6-m/nofp/libstdc++.a(eh_unex_handler.o)
                              /usr/lib/gcc/arm-none-eabi/10.3.1/../../../arm-none-eabi/lib/thumb/v6-m/nofp/libstdc++.a(eh_terminate.o) (__cxxabiv1::__unexpected_handler)
/usr/lib/gcc/arm-none-eabi/10.3.1/../../../arm-none-eabi/lib/thumb/v6-m/nofp/libstdc++.a(pure.o)
                              /usr/lib/gcc/arm-none-eabi/10.3.1/../../../arm-none-eabi/lib/thumb/v6-m/nofp/libstdc++.a(eh_exception.o) (__cxa_pure_virtual)
/usr/lib/gcc/arm-none-eabi/10.3.1/../../../arm-none-eabi/lib/thumb/v6-m/nofp/libstdc++.a(si_class_type_info.o)
                              /usr/lib/gcc/arm-none-eabi/10.3.1/../../../arm-none-eabi/lib/thumb/v6-m/nofp/libstdc++.a(bad_alloc.o) (vtable for __cxxabiv1::__si_class_type_info)
/usr/lib/gcc/arm-none-eabi/10.3.1/../../../arm-none-eabi/lib/thumb/v6-m/nofp/libstdc++.a(tinfo.o)
                              /usr/lib/gcc/arm-none-eabi/10.3.1/../../../arm-none-eabi/lib/thumb/v6-m/nofp/libstdc++.a(si_class_type_info.o) (std::type_info::__is_pointer_p() const)
/usr/lib/gcc/arm-none-eabi/10.3.1/../../../arm-none-eabi/lib/thumb/v6-m/nofp/libstdc++.a(stdexcept.o)
                              /usr/lib/gcc/arm-none-eabi/10.3.1/../../../arm-none-eabi/lib/thumb/v6-m/nofp/libstdc++.a(functexcept.o) (std::runtime_error::~runtime_error())
/usr/lib/gcc/arm-none-eabi/10.3.1/../../../arm-none-eabi/lib/thumb/v6-m/nofp/libstdc++.a(cow-stdexcept.o)
                              /usr/lib/gcc/arm-none-eabi/10.3.1/../../../arm-none-eabi/lib/thumb/v6-m/nofp/libstdc++.a(functexcept.o) (std::logic_error::logic_error(char const*))
[...]
Memory Configuration

Name             Origin             Length             Attributes
FLASH            0x0000000010000000 0x0000000000200000 xr
RAM              0x0000000020000000 0x0000000000040000 xrw
SCRATCH_X        0x0000000020040000 0x0000000000001000 xrw
SCRATCH_Y        0x0000000020041000 0x0000000000001000 xrw
*default*        0x0000000000000000 0xffffffffffffffff

Linker script and memory map

LOAD /usr/lib/gcc/arm-none-eabi/10.3.1/thumb/v6-m/nofp/crti.o
LOAD /usr/lib/gcc/arm-none-eabi/10.3.1/thumb/v6-m/nofp/crtbegin.o
LOAD /usr/lib/gcc/arm-none-eabi/10.3.1/../../../arm-none-eabi/lib/thumb/v6-m/nofp/crt0.o

.flash_begin    0x0000000010000000        0x0
                0x0000000010000000                __flash_binary_start = .

.boot2          0x0000000010000000      0x100
                0x0000000010000000                __boot2_start__ = .
 *(.boot2)
 .boot2         0x0000000010000000      0x100 /tmp/cclt5qnK.o
                0x0000000010000100                __boot2_end__ = .
                0x0000000000000001                ASSERT (((__boot2_end__ - __boot2_start__) == 0x100), ERROR: Pico second stage bootloader must be 256 bytes in size)

.text           0x0000000010000100     0x6778
                0x0000000010000100                __logical_binary_start = .
 *(.vectors)
 .vectors       0x0000000010000100       0xd4 valve_controller/CMakeFiles/valve_controller.dir/home/cbotte21/Documents/pico-sdk/src/rp2_common/pico_standard_link/crt0.S.obj
                0x0000000010000100                __vectors
                0x0000000010000100                __VECTOR_TABLE
                0x00000000100001c0                isr_invalid
                0x00000000100001c0                __default_isrs_start
                0x00000000100001c2                isr_nmi
                0x00000000100001c4                isr_hardfault
                0x00000000100001c6                isr_svcall
                0x00000000100001c8                isr_pendsv
                0x00000000100001ca                isr_systick
                0x00000000100001cc                isr_irq30
                0x00000000100001cc                __unhandled_user_irq
                0x00000000100001cc                isr_irq13
                0x00000000100001cc                isr_irq27
                0x00000000100001cc                isr_irq31
                0x00000000100001cc                isr_irq5
                0x00000000100001cc                isr_irq11
                0x00000000100001cc                isr_irq23
                0x00000000100001cc                isr_irq18
                0x00000000100001cc                isr_irq28
                0x00000000100001cc                isr_irq19
                0x00000000100001cc                isr_irq0
                0x00000000100001cc                isr_irq6
                0x00000000100001cc                isr_irq22
                0x00000000100001cc                isr_irq17
                0x00000000100001cc                isr_irq14
                0x00000000100001cc                isr_irq2
                0x00000000100001cc                isr_irq10
                0x00000000100001cc                isr_irq8
                0x00000000100001cc                isr_irq24
                0x00000000100001cc                isr_irq1
                0x00000000100001cc                isr_irq7
                0x00000000100001cc                isr_irq21
                0x00000000100001cc                isr_irq20
                0x00000000100001cc                isr_irq15
                0x00000000100001cc                isr_irq25
                0x00000000100001cc                isr_irq4
                0x00000000100001cc                isr_irq16
                0x00000000100001cc                isr_irq29
                0x00000000100001cc                isr_irq26
                0x00000000100001cc                __default_isrs_end
                0x00000000100001cc                isr_irq3
                0x00000000100001cc                isr_irq12
                0x00000000100001cc                isr_irq9
                0x00000000100001d2                unhandled_user_irq_num_in_r0
 *(.binary_info_header)
 .binary_info_header
                0x00000000100001d4       0x14 valve_controller/CMakeFiles/valve_controller.dir/home/cbotte21/Documents/pico-sdk/src/rp2_common/pico_standard_link/crt0.S.obj
                0x00000000100001e8                __binary_info_header_end = .
 *(.reset)
 .reset         0x00000000100001e8       0xa0 valve_controller/CMakeFiles/valve_controller.dir/home/cbotte21/Documents/pico-sdk/src/rp2_common/pico_standard_link/crt0.S.obj
                0x00000000100001e8                _entry_point
 .reset         0x0000000010000288       0x30 valve_controller/CMakeFiles/valve_controller.dir/home/cbotte21/Documents/pico-sdk/src/rp2_common/pico_standard_link/binary_info.c.obj
 *(.init)
 .init          0x00000000100002b8        0x4 /usr/lib/gcc/arm-none-eabi/10.3.1/thumb/v6-m/nofp/crti.o
                0x00000000100002b8                _init
 *(EXCLUDE_FILE(*libm.a: *libc.a:*lib_a-mem*.o *libgcc.a:) .text*)
 .text          0x00000000100002bc       0x98 /usr/lib/gcc/arm-none-eabi/10.3.1/thumb/v6-m/nofp/crtbegin.o
 .text.startup.main
                0x0000000010000354      0x158 valve_controller/CMakeFiles/valve_controller.dir/valve_controller.cpp.obj
                0x0000000010000354                main
 .text._ZN8AnalogIOC2Ejb
                0x00000000100004ac       0x30 valve_controller/CMakeFiles/valve_controller.dir/io/AnalogIO.cpp.obj
                0x00000000100004ac                AnalogIO::AnalogIO(unsigned int, bool)
                0x00000000100004ac                AnalogIO::AnalogIO(unsigned int, bool)
 .text.gpio_set_pulls
                0x00000000100004dc       0x30 valve_controller/CMakeFiles/valve_controller.dir/home/cbotte21/Documents/pico-sdk/src/rp2_common/hardware_gpio/gpio.c.obj
                0x00000000100004dc                gpio_set_pulls
 .text.gpio_init
                0x000000001000050c       0x3c valve_controller/CMakeFiles/valve_controller.dir/home/cbotte21/Documents/pico-sdk/src/rp2_common/hardware_gpio/gpio.c.obj
                0x000000001000050c                gpio_init
 .text.running_on_fpga
                0x0000000010000548       0x10 valve_controller/CMakeFiles/valve_controller.dir/home/cbotte21/Documents/pico-sdk/src/rp2_common/pico_platform/platform.c.obj
                0x0000000010000548                running_on_fpga
 .text.hw_claim_or_assert
                0x0000000010000558       0x44 valve_controller/CMakeFiles/valve_controller.dir/home/cbotte21/Documents/pico-sdk/src/rp2_common/hardware_claim/claim.c.obj
                0x0000000010000558                hw_claim_or_assert
 .text.hw_claim_unused_from_range
                0x000000001000059c       0x9c valve_controller/CMakeFiles/valve_controller.dir/home/cbotte21/Documents/pico-sdk/src/rp2_common/hardware_claim/claim.c.obj
                0x000000001000059c                hw_claim_unused_from_range
 .text.spin_locks_reset
                0x0000000010000638       0x1c valve_controller/CMakeFiles/valve_controller.dir/home/cbotte21/Documents/pico-sdk/src/rp2_common/hardware_sync/sync.c.obj
                0x0000000010000638                spin_locks_reset
 .text.next_striped_spin_lock_num
                0x0000000010000654       0x18 valve_controller/CMakeFiles/valve_controller.dir/home/cbotte21/Documents/pico-sdk/src/rp2_common/hardware_sync/sync.c.obj
                0x0000000010000654                next_striped_spin_lock_num
 .text.spin_lock_claim_unused
                0x000000001000066c       0x20 valve_controller/CMakeFiles/valve_controller.dir/home/cbotte21/Documents/pico-sdk/src/rp2_common/hardware_sync/sync.c.obj
                0x000000001000066c                spin_lock_claim_unused
 .text.irq_set_enabled
                0x000000001000068c       0x24 valve_controller/CMakeFiles/valve_controller.dir/home/cbotte21/Documents/pico-sdk/src/rp2_common/hardware_irq/irq.c.obj
                0x000000001000068c                irq_set_enabled
 .text.irq_set_pending
                0x00000000100006b0       0x10 valve_controller/CMakeFiles/valve_controller.dir/home/cbotte21/Documents/pico-sdk/src/rp2_common/hardware_irq/irq.c.obj
                0x00000000100006b0                irq_set_pending
 .text.irq_has_shared_handler
                0x00000000100006c0       0x2c valve_controller/CMakeFiles/valve_controller.dir/home/cbotte21/Documents/pico-sdk/src/rp2_common/hardware_irq/irq.c.obj
                0x00000000100006c0                irq_has_shared_handler
 .text.irq_get_vtable_handler
                0x00000000100006ec       0x10 valve_controller/CMakeFiles/valve_controller.dir/home/cbotte21/Documents/pico-sdk/src/rp2_common/hardware_irq/irq.c.obj
                0x00000000100006ec                irq_get_vtable_handler
 .text.irq_set_exclusive_handler
                0x00000000100006fc       0x54 valve_controller/CMakeFiles/valve_controller.dir/home/cbotte21/Documents/pico-sdk/src/rp2_common/hardware_irq/irq.c.obj
                0x00000000100006fc                irq_set_exclusive_handler
 .text.irq_add_shared_handler
                0x0000000010000750      0x1e8 valve_controller/CMakeFiles/valve_controller.dir/home/cbotte21/Documents/pico-sdk/src/rp2_common/hardware_irq/irq.c.obj
                0x0000000010000750                irq_add_shared_handler
 .text.irq_remove_handler
                0x0000000010000938      0x1b0 valve_controller/CMakeFiles/valve_controller.dir/home/cbotte21/Documents/pico-sdk/src/rp2_common/hardware_irq/irq.c.obj
                0x0000000010000938                irq_remove_handler
 .text.irq_add_tail_to_free_list
                0x0000000010000ae8       0xb4 valve_controller/CMakeFiles/valve_controller.dir/home/cbotte21/Documents/pico-sdk/src/rp2_common/hardware_irq/irq.c.obj
                0x0000000010000ae8                irq_add_tail_to_free_list
 .text.irq_init_priorities
                0x0000000010000b9c       0x24 valve_controller/CMakeFiles/valve_controller.dir/home/cbotte21/Documents/pico-sdk/src/rp2_common/hardware_irq/irq.c.obj
                0x0000000010000b9c                irq_init_priorities
 .text.user_irq_claim_unused
                0x0000000010000bc0       0x28 valve_controller/CMakeFiles/valve_controller.dir/home/cbotte21/Documents/pico-sdk/src/rp2_common/hardware_irq/irq.c.obj
                0x0000000010000bc0                user_irq_claim_unused
 .text.lock_init
                0x0000000010000be8       0x10 valve_controller/CMakeFiles/valve_controller.dir/home/cbotte21/Documents/pico-sdk/src/common/pico_sync/lock_core.c.obj
                0x0000000010000be8                lock_init
 .text.mutex_init
                0x0000000010000bf8       0x1c valve_controller/CMakeFiles/valve_controller.dir/home/cbotte21/Documents/pico-sdk/src/common/pico_sync/mutex.c.obj
                0x0000000010000bf8                mutex_init
 .text.recursive_mutex_init
                0x0000000010000c14       0x1c valve_controller/CMakeFiles/valve_controller.dir/home/cbotte21/Documents/pico-sdk/src/common/pico_sync/mutex.c.obj
                0x0000000010000c14                recursive_mutex_init
 .text.critical_section_init
                0x0000000010000c30       0x20 valve_controller/CMakeFiles/valve_controller.dir/home/cbotte21/Documents/pico-sdk/src/common/pico_sync/critical_section.c.obj
                0x0000000010000c30                critical_section_init
 .text.critical_section_init_with_lock_num
                0x0000000010000c50       0x14 valve_controller/CMakeFiles/valve_controller.dir/home/cbotte21/Documents/pico-sdk/src/common/pico_sync/critical_section.c.obj
                0x0000000010000c50                critical_section_init_with_lock_num
 .text.timer_pool_entry_comparator
                0x0000000010000c64       0x34 valve_controller/CMakeFiles/valve_controller.dir/home/cbotte21/Documents/pico-sdk/src/common/pico_time/time.c.obj
                0x0000000010000c64                timer_pool_entry_comparator
 .text.sleep_until_callback
                0x0000000010000c98       0x30 valve_controller/CMakeFiles/valve_controller.dir/home/cbotte21/Documents/pico-sdk/src/common/pico_time/time.c.obj
 .text.add_alarm_under_lock.isra.0
                0x0000000010000cc8      0x100 valve_controller/CMakeFiles/valve_controller.dir/home/cbotte21/Documents/pico-sdk/src/common/pico_time/time.c.obj
 .text.alarm_pool_alarm_callback
                0x0000000010000dc8      0x1b8 valve_controller/CMakeFiles/valve_controller.dir/home/cbotte21/Documents/pico-sdk/src/common/pico_time/time.c.obj
 .text.alarm_pool_init_default
                0x0000000010000f80       0x6c valve_controller/CMakeFiles/valve_controller.dir/home/cbotte21/Documents/pico-sdk/src/common/pico_time/time.c.obj
                0x0000000010000f80                alarm_pool_init_default
 .text.alarm_pool_get_default
                0x0000000010000fec        0x8 valve_controller/CMakeFiles/valve_controller.dir/home/cbotte21/Documents/pico-sdk/src/common/pico_time/time.c.obj
                0x0000000010000fec                alarm_pool_get_default
 .text.alarm_pool_add_alarm_at
                0x0000000010000ff4      0x17c valve_controller/CMakeFiles/valve_controller.dir/home/cbotte21/Documents/pico-sdk/src/common/pico_time/time.c.obj
                0x0000000010000ff4                alarm_pool_add_alarm_at
 .text.alarm_pool_cancel_alarm
                0x0000000010001170       0x74 valve_controller/CMakeFiles/valve_controller.dir/home/cbotte21/Documents/pico-sdk/src/common/pico_time/time.c.obj
                0x0000000010001170                alarm_pool_cancel_alarm
 .text.alarm_pool_core_num
                0x00000000100011e4        0x4 valve_controller/CMakeFiles/valve_controller.dir/home/cbotte21/Documents/pico-sdk/src/common/pico_time/time.c.obj
                0x00000000100011e4                alarm_pool_core_num
 .text.sleep_until
                0x00000000100011e8       0xc4 valve_controller/CMakeFiles/valve_controller.dir/home/cbotte21/Documents/pico-sdk/src/common/pico_time/time.c.obj
                0x00000000100011e8                sleep_until
 .text.sleep_ms
                0x00000000100012ac       0x34 valve_controller/CMakeFiles/valve_controller.dir/home/cbotte21/Documents/pico-sdk/src/common/pico_time/time.c.obj
                0x00000000100012ac                sleep_ms
 .text.best_effort_wfe_or_timeout
                0x00000000100012e0       0x78 valve_controller/CMakeFiles/valve_controller.dir/home/cbotte21/Documents/pico-sdk/src/common/pico_time/time.c.obj
                0x00000000100012e0                best_effort_wfe_or_timeout
 .text.hardware_alarm_irq_handler
                0x0000000010001358       0xbc valve_controller/CMakeFiles/valve_controller.dir/home/cbotte21/Documents/pico-sdk/src/rp2_common/hardware_timer/timer.c.obj
 .text.hardware_alarm_claim
                0x0000000010001414       0x18 valve_controller/CMakeFiles/valve_controller.dir/home/cbotte21/Documents/pico-sdk/src/rp2_common/hardware_timer/timer.c.obj
                0x0000000010001414                hardware_alarm_claim
 .text.time_us_64
                0x000000001000142c       0x14 valve_controller/CMakeFiles/valve_controller.dir/home/cbotte21/Documents/pico-sdk/src/rp2_common/hardware_timer/timer.c.obj
                0x000000001000142c                time_us_64
 .text.busy_wait_until
                0x0000000010001440       0x20 valve_controller/CMakeFiles/valve_controller.dir/home/cbotte21/Documents/pico-sdk/src/rp2_common/hardware_timer/timer.c.obj
                0x0000000010001440                busy_wait_until
 .text.hardware_alarm_set_callback
                0x0000000010001460       0x8c valve_controller/CMakeFiles/valve_controller.dir/home/cbotte21/Documents/pico-sdk/src/rp2_common/hardware_timer/timer.c.obj
                0x0000000010001460                hardware_alarm_set_callback
 .text.hardware_alarm_set_target
                0x00000000100014ec       0xe0 valve_controller/CMakeFiles/valve_controller.dir/home/cbotte21/Documents/pico-sdk/src/rp2_common/hardware_timer/timer.c.obj
                0x00000000100014ec                hardware_alarm_set_target
 .text.hardware_alarm_cancel
                0x00000000100015cc       0x3c valve_controller/CMakeFiles/valve_controller.dir/home/cbotte21/Documents/pico-sdk/src/rp2_common/hardware_timer/timer.c.obj
                0x00000000100015cc                hardware_alarm_cancel
 .text.ph_merge_nodes
                0x0000000010001608       0x68 valve_controller/CMakeFiles/valve_controller.dir/home/cbotte21/Documents/pico-sdk/src/common/pico_util/pheap.c.obj
 .text.ph_post_alloc_init
                0x0000000010001670       0x3c valve_controller/CMakeFiles/valve_controller.dir/home/cbotte21/Documents/pico-sdk/src/common/pico_util/pheap.c.obj
                0x0000000010001670                ph_post_alloc_init
 .text.ph_merge_two_pass
                0x00000000100016ac       0x90 valve_controller/CMakeFiles/valve_controller.dir/home/cbotte21/Documents/pico-sdk/src/common/pico_util/pheap.c.obj
                0x00000000100016ac                ph_merge_two_pass
 .text.ph_remove_any_head
                0x000000001000173c      0x100 valve_controller/CMakeFiles/valve_controller.dir/home/cbotte21/Documents/pico-sdk/src/common/pico_util/pheap.c.obj
 .text.ph_remove_head
                0x000000001000183c      0x104 valve_controller/CMakeFiles/valve_controller.dir/home/cbotte21/Documents/pico-sdk/src/common/pico_util/pheap.c.obj
                0x000000001000183c                ph_remove_head
 .text.ph_remove_and_free_node
                0x0000000010001940       0x7c valve_controller/CMakeFiles/valve_controller.dir/home/cbotte21/Documents/pico-sdk/src/common/pico_util/pheap.c.obj
                0x0000000010001940                ph_remove_and_free_node
 .text.clocks_init
                0x00000000100019bc      0x2bc valve_controller/CMakeFiles/valve_controller.dir/home/cbotte21/Documents/pico-sdk/src/rp2_common/hardware_clocks/clocks.c.obj
                0x00000000100019bc                clocks_init
 .text.pll_init
                0x0000000010001c78       0xb0 valve_controller/CMakeFiles/valve_controller.dir/home/cbotte21/Documents/pico-sdk/src/rp2_common/hardware_pll/pll.c.obj
                0x0000000010001c78                pll_init
 .text.watchdog_start_tick
                0x0000000010001d28       0x10 valve_controller/CMakeFiles/valve_controller.dir/home/cbotte21/Documents/pico-sdk/src/rp2_common/hardware_watchdog/watchdog.c.obj
                0x0000000010001d28                watchdog_start_tick
 .text.watchdog_reboot
                0x0000000010001d38       0x98 valve_controller/CMakeFiles/valve_controller.dir/home/cbotte21/Documents/pico-sdk/src/rp2_common/hardware_watchdog/watchdog.c.obj
                0x0000000010001d38                watchdog_reboot
 .text.xosc_init
                0x0000000010001dd0       0x28 valve_controller/CMakeFiles/valve_controller.dir/home/cbotte21/Documents/pico-sdk/src/rp2_common/hardware_xosc/xosc.c.obj
                0x0000000010001dd0                xosc_init
 .text.runtime_init
                0x0000000010001df8       0xf0 valve_controller/CMakeFiles/valve_controller.dir/home/cbotte21/Documents/pico-sdk/src/rp2_common/pico_runtime/runtime.c.obj
                0x0000000010001df8                runtime_init
 .text._exit    0x0000000010001ee8        0x4 valve_controller/CMakeFiles/valve_controller.dir/home/cbotte21/Documents/pico-sdk/src/rp2_common/pico_runtime/runtime.c.obj
                0x0000000010001ee8                _exit
 .text._sbrk    0x0000000010001eec       0x34 valve_controller/CMakeFiles/valve_controller.dir/home/cbotte21/Documents/pico-sdk/src/rp2_common/pico_runtime/runtime.c.obj
                0x0000000010001eec                _sbrk
 .text._getpid  0x0000000010001f20        0x4 valve_controller/CMakeFiles/valve_controller.dir/home/cbotte21/Documents/pico-sdk/src/rp2_common/pico_runtime/runtime.c.obj
                0x0000000010001f20                _getpid
 .text._kill    0x0000000010001f24        0x8 valve_controller/CMakeFiles/valve_controller.dir/home/cbotte21/Documents/pico-sdk/src/rp2_common/pico_runtime/runtime.c.obj
                0x0000000010001f24                _kill
 .text.exit     0x0000000010001f2c        0x8 valve_controller/CMakeFiles/valve_controller.dir/home/cbotte21/Documents/pico-sdk/src/rp2_common/pico_runtime/runtime.c.obj
                0x0000000010001f2c                exit
 .text.panic    0x0000000010001f34       0x30 valve_controller/CMakeFiles/valve_controller.dir/home/cbotte21/Documents/pico-sdk/src/rp2_common/pico_runtime/runtime.c.obj
                0x0000000010001f34                panic
 .text.hard_assertion_failure
                0x0000000010001f64        0xc valve_controller/CMakeFiles/valve_controller.dir/home/cbotte21/Documents/pico-sdk/src/rp2_common/pico_runtime/runtime.c.obj
                0x0000000010001f64                hard_assertion_failure
 .text._out_char
                0x0000000010001f70       0x10 valve_controller/CMakeFiles/valve_controller.dir/home/cbotte21/Documents/pico-sdk/src/rp2_common/pico_printf/printf.c.obj
 .text.weak_raw_vprintf
                0x0000000010001f80       0x30 valve_controller/CMakeFiles/valve_controller.dir/home/cbotte21/Documents/pico-sdk/src/rp2_common/pico_printf/printf.c.obj
                0x0000000010001f80                weak_raw_vprintf
 .text          0x0000000010001fb0       0x10 valve_controller/CMakeFiles/valve_controller.dir/home/cbotte21/Documents/pico-sdk/src/rp2_common/pico_bit_ops/bit_ops_aeabi.S.obj
 .text.rom_func_lookup
                0x0000000010001fc0       0x10 valve_controller/CMakeFiles/valve_controller.dir/home/cbotte21/Documents/pico-sdk/src/rp2_common/pico_bootrom/bootrom.c.obj
                0x0000000010001fc0                rom_func_lookup
 .text.rom_data_lookup
                0x0000000010001fd0       0x10 valve_controller/CMakeFiles/valve_controller.dir/home/cbotte21/Documents/pico-sdk/src/rp2_common/pico_bootrom/bootrom.c.obj
                0x0000000010001fd0                rom_data_lookup
 .text.rom_funcs_lookup
                0x0000000010001fe0       0x44 valve_controller/CMakeFiles/valve_controller.dir/home/cbotte21/Documents/pico-sdk/src/rp2_common/pico_bootrom/bootrom.c.obj
                0x0000000010001fe0                rom_funcs_lookup
 .text.__wrap___aeabi_uidiv
                0x0000000010002024       0x4c valve_controller/CMakeFiles/valve_controller.dir/home/cbotte21/Documents/pico-sdk/src/rp2_common/pico_divider/divider.S.obj
                0x0000000010002024                __wrap___aeabi_uidiv
                0x0000000010002024                __wrap___aeabi_uidivmod
                0x0000000010002024                div_u32u32
                0x0000000010002024                divmod_u32u32
                0x000000001000202c                divmod_u32u32_unsafe
                0x0000000010002054                divmod_u32u32_savestate
 .text.__aeabi_double_init
                0x0000000010002070       0x94 valve_controller/CMakeFiles/valve_controller.dir/home/cbotte21/Documents/pico-sdk/src/rp2_common/pico_double/double_init_rom.c.obj
                0x0000000010002070                __aeabi_double_init
 .text.double_table_shim_on_use_helper
                0x0000000010002104       0x2c valve_controller/CMakeFiles/valve_controller.dir/home/cbotte21/Documents/pico-sdk/src/rp2_common/pico_double/double_v1_rom_shim.S.obj
                0x0000000010002104                double_table_shim_on_use_helper
 .text.__aeabi_lmul
                0x0000000010002130       0x32 valve_controller/CMakeFiles/valve_controller.dir/home/cbotte21/Documents/pico-sdk/src/rp2_common/pico_int64_ops/pico_int64_ops_aeabi.S.obj
                0x0000000010002130                __wrap___aeabi_lmul
 *fill*         0x0000000010002162        0x2 
 .text.__aeabi_float_init
                0x0000000010002164       0x64 valve_controller/CMakeFiles/valve_controller.dir/home/cbotte21/Documents/pico-sdk/src/rp2_common/pico_float/float_init_rom.c.obj
                0x0000000010002164                __aeabi_float_init
 .text.float_table_shim_on_use_helper
                0x00000000100021c8       0x2c valve_controller/CMakeFiles/valve_controller.dir/home/cbotte21/Documents/pico-sdk/src/rp2_common/pico_float/float_v1_rom_shim.S.obj
                0x00000000100021c8                float_table_shim_on_use_helper
 .text.__wrap_malloc
                0x00000000100021f4       0x24 valve_controller/CMakeFiles/valve_controller.dir/home/cbotte21/Documents/pico-sdk/src/rp2_common/pico_malloc/pico_malloc.c.obj
                0x00000000100021f4                __wrap_malloc
 .text.__wrap_free
                0x0000000010002218        0x8 valve_controller/CMakeFiles/valve_controller.dir/home/cbotte21/Documents/pico-sdk/src/rp2_common/pico_malloc/pico_malloc.c.obj
                0x0000000010002218                __wrap_free
 .text          0x0000000010002220       0x10 valve_controller/CMakeFiles/valve_controller.dir/home/cbotte21/Documents/pico-sdk/src/rp2_common/pico_mem_ops/mem_ops_aeabi.S.obj
                0x0000000010002220                __aeabi_mem_init
 .text.memset   0x0000000010002230        0xc valve_controller/CMakeFiles/valve_controller.dir/home/cbotte21/Documents/pico-sdk/src/rp2_common/pico_mem_ops/mem_ops_aeabi.S.obj
                0x0000000010002230                __wrap_memset
 .text.memcpy   0x000000001000223c        0xc valve_controller/CMakeFiles/valve_controller.dir/home/cbotte21/Documents/pico-sdk/src/rp2_common/pico_mem_ops/mem_ops_aeabi.S.obj
                0x000000001000223c                __wrap___aeabi_memcpy
                0x000000001000223c                __wrap_memcpy
 .text._Znwj    0x0000000010002248        0x8 valve_controller/CMakeFiles/valve_controller.dir/home/cbotte21/Documents/pico-sdk/src/rp2_common/pico_standard_link/new_delete.cpp.obj
                0x0000000010002248                operator new(unsigned int)
 .text._ZdlPv   0x0000000010002250        0x8 valve_controller/CMakeFiles/valve_controller.dir/home/cbotte21/Documents/pico-sdk/src/rp2_common/pico_standard_link/new_delete.cpp.obj
                0x0000000010002250                operator delete(void*)
 .text._ZdlPvj  0x0000000010002258        0x8 valve_controller/CMakeFiles/valve_controller.dir/home/cbotte21/Documents/pico-sdk/src/rp2_common/pico_standard_link/new_delete.cpp.obj
                0x0000000010002258                operator delete(void*, unsigned int)
 .text.stdio_out_chars_no_crlf
                0x0000000010002260       0x10 valve_controller/CMakeFiles/valve_controller.dir/home/cbotte21/Documents/pico-sdk/src/rp2_common/pico_stdio/stdio.c.obj
 .text.stdio_out_chars_crlf
                0x0000000010002270       0xb4 valve_controller/CMakeFiles/valve_controller.dir/home/cbotte21/Documents/pico-sdk/src/rp2_common/pico_stdio/stdio.c.obj
 .text.stdio_put_string.isra.0
                0x0000000010002324       0xfc valve_controller/CMakeFiles/valve_controller.dir/home/cbotte21/Documents/pico-sdk/src/rp2_common/pico_stdio/stdio.c.obj
 .text.__wrap_putchar
                0x0000000010002420       0x98 valve_controller/CMakeFiles/valve_controller.dir/home/cbotte21/Documents/pico-sdk/src/rp2_common/pico_stdio/stdio.c.obj
                0x0000000010002420                __wrap_putchar
 .text.__wrap_puts
                0x00000000100024b8       0x3c valve_controller/CMakeFiles/valve_controller.dir/home/cbotte21/Documents/pico-sdk/src/rp2_common/pico_stdio/stdio.c.obj
                0x00000000100024b8                __wrap_puts
 .text.stdio_set_driver_enabled
                0x00000000100024f4       0x30 valve_controller/CMakeFiles/valve_controller.dir/home/cbotte21/Documents/pico-sdk/src/rp2_common/pico_stdio/stdio.c.obj
                0x00000000100024f4                stdio_set_driver_enabled
 .text.stdio_init_all
                0x0000000010002524        0x8 valve_controller/CMakeFiles/valve_controller.dir/home/cbotte21/Documents/pico-sdk/src/rp2_common/pico_stdio/stdio.c.obj
                0x0000000010002524                stdio_init_all
 .text.resetd_init
                0x000000001000252c        0x4 valve_controller/CMakeFiles/valve_controller.dir/home/cbotte21/Documents/pico-sdk/src/rp2_common/pico_stdio_usb/reset_interface.c.obj
 .text.resetd_reset
                0x0000000010002530        0xc valve_controller/CMakeFiles/valve_controller.dir/home/cbotte21/Documents/pico-sdk/src/rp2_common/pico_stdio_usb/reset_interface.c.obj
 .text.resetd_open
                0x000000001000253c       0x28 valve_controller/CMakeFiles/valve_controller.dir/home/cbotte21/Documents/pico-sdk/src/rp2_common/pico_stdio_usb/reset_interface.c.obj
 .text.resetd_xfer_cb
                0x0000000010002564        0x4 valve_controller/CMakeFiles/valve_controller.dir/home/cbotte21/Documents/pico-sdk/src/rp2_common/pico_stdio_usb/reset_interface.c.obj
 .text.resetd_control_xfer_cb
                0x0000000010002568       0x64 valve_controller/CMakeFiles/valve_controller.dir/home/cbotte21/Documents/pico-sdk/src/rp2_common/pico_stdio_usb/reset_interface.c.obj
 .text.usbd_app_driver_get_cb
                0x00000000100025cc        0xc valve_controller/CMakeFiles/valve_controller.dir/home/cbotte21/Documents/pico-sdk/src/rp2_common/pico_stdio_usb/reset_interface.c.obj
                0x00000000100025cc                usbd_app_driver_get_cb
 .text.tud_cdc_line_coding_cb
                0x00000000100025d8       0x34 valve_controller/CMakeFiles/valve_controller.dir/home/cbotte21/Documents/pico-sdk/src/rp2_common/pico_stdio_usb/reset_interface.c.obj
                0x00000000100025d8                tud_cdc_line_coding_cb
 .text.stdio_usb_set_chars_available_callback
                0x000000001000260c       0x14 valve_controller/CMakeFiles/valve_controller.dir/home/cbotte21/Documents/pico-sdk/src/rp2_common/pico_stdio_usb/stdio_usb.c.obj
                0x000000001000260c                stdio_usb_set_chars_available_callback
 .text.usb_irq  0x0000000010002620       0x10 valve_controller/CMakeFiles/valve_controller.dir/home/cbotte21/Documents/pico-sdk/src/rp2_common/pico_stdio_usb/stdio_usb.c.obj
 .text.timer_task
                0x0000000010002630       0x54 valve_controller/CMakeFiles/valve_controller.dir/home/cbotte21/Documents/pico-sdk/src/rp2_common/pico_stdio_usb/stdio_usb.c.obj
 .text.stdio_usb_in_chars
                0x0000000010002684       0x90 valve_controller/CMakeFiles/valve_controller.dir/home/cbotte21/Documents/pico-sdk/src/rp2_common/pico_stdio_usb/stdio_usb.c.obj
                0x0000000010002684                stdio_usb_in_chars
 .text.stdio_usb_out_chars
                0x0000000010002714      0x100 valve_controller/CMakeFiles/valve_controller.dir/home/cbotte21/Documents/pico-sdk/src/rp2_common/pico_stdio_usb/stdio_usb.c.obj
 .text.low_priority_worker_irq
                0x0000000010002814       0xa8 valve_controller/CMakeFiles/valve_controller.dir/home/cbotte21/Documents/pico-sdk/src/rp2_common/pico_stdio_usb/stdio_usb.c.obj
 .text.tud_cdc_rx_cb
                0x00000000100028bc       0x20 valve_controller/CMakeFiles/valve_controller.dir/home/cbotte21/Documents/pico-sdk/src/rp2_common/pico_stdio_usb/stdio_usb.c.obj
                0x00000000100028bc                tud_cdc_rx_cb
 .text.stdio_usb_init
                0x00000000100028dc       0xdc valve_controller/CMakeFiles/valve_controller.dir/home/cbotte21/Documents/pico-sdk/src/rp2_common/pico_stdio_usb/stdio_usb.c.obj
                0x00000000100028dc                stdio_usb_init
 .text.tud_descriptor_device_cb
                0x00000000100029b8        0x8 valve_controller/CMakeFiles/valve_controller.dir/home/cbotte21/Documents/pico-sdk/src/rp2_common/pico_stdio_usb/stdio_usb_descriptors.c.obj
                0x00000000100029b8                tud_descriptor_device_cb
 .text.tud_descriptor_configuration_cb
                0x00000000100029c0        0x8 valve_controller/CMakeFiles/valve_controller.dir/home/cbotte21/Documents/pico-sdk/src/rp2_common/pico_stdio_usb/stdio_usb_descriptors.c.obj
                0x00000000100029c0                tud_descriptor_configuration_cb
 .text.tud_descriptor_string_cb
                0x00000000100029c8       0x74 valve_controller/CMakeFiles/valve_controller.dir/home/cbotte21/Documents/pico-sdk/src/rp2_common/pico_stdio_usb/stdio_usb_descriptors.c.obj
                0x00000000100029c8                tud_descriptor_string_cb
 .text.startup._retrieve_unique_id_on_boot
                0x0000000010002a3c       0x10 valve_controller/CMakeFiles/valve_controller.dir/home/cbotte21/Documents/pico-sdk/src/rp2_common/pico_unique_id/unique_id.c.obj
 .text.pico_get_unique_board_id_string
                0x0000000010002a4c      0x1a8 valve_controller/CMakeFiles/valve_controller.dir/home/cbotte21/Documents/pico-sdk/src/rp2_common/pico_unique_id/unique_id.c.obj
                0x0000000010002a4c                pico_get_unique_board_id_string
 .text.flash_get_unique_id
                0x0000000010002bf4       0x40 valve_controller/CMakeFiles/valve_controller.dir/home/cbotte21/Documents/pico-sdk/src/rp2_common/hardware_flash/flash.c.obj
                0x0000000010002bf4                flash_get_unique_id
 .text.dcd_int_enable
                0x0000000010002c34        0xc valve_controller/CMakeFiles/valve_controller.dir/home/cbotte21/Documents/pico-sdk/lib/tinyusb/src/portable/raspberrypi/rp2040/dcd_rp2040.c.obj
                0x0000000010002c34                dcd_int_enable
 .text.dcd_set_address
                0x0000000010002c40       0x14 valve_controller/CMakeFiles/valve_controller.dir/home/cbotte21/Documents/pico-sdk/lib/tinyusb/src/portable/raspberrypi/rp2040/dcd_rp2040.c.obj
                0x0000000010002c40                dcd_set_address
 .text.dcd_connect
                0x0000000010002c54       0x10 valve_controller/CMakeFiles/valve_controller.dir/home/cbotte21/Documents/pico-sdk/lib/tinyusb/src/portable/raspberrypi/rp2040/dcd_rp2040.c.obj
                0x0000000010002c54                dcd_connect
 .text.dcd_init
                0x0000000010002c64       0x98 valve_controller/CMakeFiles/valve_controller.dir/home/cbotte21/Documents/pico-sdk/lib/tinyusb/src/portable/raspberrypi/rp2040/dcd_rp2040.c.obj
                0x0000000010002c64                dcd_init
 .text.dcd_edpt0_status_complete
                0x0000000010002cfc       0x1c valve_controller/CMakeFiles/valve_controller.dir/home/cbotte21/Documents/pico-sdk/lib/tinyusb/src/portable/raspberrypi/rp2040/dcd_rp2040.c.obj
                0x0000000010002cfc                dcd_edpt0_status_complete
 .text.dcd_edpt_open
                0x0000000010002d18      0x108 valve_controller/CMakeFiles/valve_controller.dir/home/cbotte21/Documents/pico-sdk/lib/tinyusb/src/portable/raspberrypi/rp2040/dcd_rp2040.c.obj
                0x0000000010002d18                dcd_edpt_open
 .text.dcd_edpt_close_all
                0x0000000010002e20        0x8 valve_controller/CMakeFiles/valve_controller.dir/home/cbotte21/Documents/pico-sdk/lib/tinyusb/src/portable/raspberrypi/rp2040/dcd_rp2040.c.obj
                0x0000000010002e20                dcd_edpt_close_all
 .text.dcd_edpt_xfer
                0x0000000010002e28       0x24 valve_controller/CMakeFiles/valve_controller.dir/home/cbotte21/Documents/pico-sdk/lib/tinyusb/src/portable/raspberrypi/rp2040/dcd_rp2040.c.obj
                0x0000000010002e28                dcd_edpt_xfer
 .text.dcd_edpt_stall
                0x0000000010002e4c       0x38 valve_controller/CMakeFiles/valve_controller.dir/home/cbotte21/Documents/pico-sdk/lib/tinyusb/src/portable/raspberrypi/rp2040/dcd_rp2040.c.obj
                0x0000000010002e4c                dcd_edpt_stall
 .text.dcd_edpt_clear_stall
                0x0000000010002e84       0x30 valve_controller/CMakeFiles/valve_controller.dir/home/cbotte21/Documents/pico-sdk/lib/tinyusb/src/portable/raspberrypi/rp2040/dcd_rp2040.c.obj
                0x0000000010002e84                dcd_edpt_clear_stall
 .text.rp2040_usb_init
                0x0000000010002eb4       0x4c valve_controller/CMakeFiles/valve_controller.dir/home/cbotte21/Documents/pico-sdk/lib/tinyusb/src/portable/raspberrypi/rp2040/rp2040_usb.c.obj
                0x0000000010002eb4                rp2040_usb_init
 .text.hw_endpoint_xfer_start
                0x0000000010002f00       0x50 valve_controller/CMakeFiles/valve_controller.dir/home/cbotte21/Documents/pico-sdk/lib/tinyusb/src/portable/raspberrypi/rp2040/rp2040_usb.c.obj
                0x0000000010002f00                hw_endpoint_xfer_start
 .text.tud_mounted
                0x0000000010002f50       0x10 valve_controller/CMakeFiles/valve_controller.dir/home/cbotte21/Documents/pico-sdk/lib/tinyusb/src/device/usbd.c.obj
                0x0000000010002f50                tud_mounted
 .text.tud_suspended
                0x0000000010002f60       0x10 valve_controller/CMakeFiles/valve_controller.dir/home/cbotte21/Documents/pico-sdk/lib/tinyusb/src/device/usbd.c.obj
                0x0000000010002f60                tud_suspended
 .text.tud_inited
                0x0000000010002f70       0x14 valve_controller/CMakeFiles/valve_controller.dir/home/cbotte21/Documents/pico-sdk/lib/tinyusb/src/device/usbd.c.obj
                0x0000000010002f70                tud_inited
 .text.tud_init
                0x0000000010002f84       0xe4 valve_controller/CMakeFiles/valve_controller.dir/home/cbotte21/Documents/pico-sdk/lib/tinyusb/src/device/usbd.c.obj
                0x0000000010002f84                tud_init
 .text.tud_task_ext
                0x0000000010003068      0x854 valve_controller/CMakeFiles/valve_controller.dir/home/cbotte21/Documents/pico-sdk/lib/tinyusb/src/device/usbd.c.obj
                0x0000000010003068                tud_task_ext
 .text.usbd_open_edpt_pair
                0x00000000100038bc       0x9c valve_controller/CMakeFiles/valve_controller.dir/home/cbotte21/Documents/pico-sdk/lib/tinyusb/src/device/usbd.c.obj
                0x00000000100038bc                usbd_open_edpt_pair
 .text.usbd_defer_func
                0x0000000010003958       0x48 valve_controller/CMakeFiles/valve_controller.dir/home/cbotte21/Documents/pico-sdk/lib/tinyusb/src/device/usbd.c.obj
                0x0000000010003958                usbd_defer_func
 .text.usbd_edpt_open
                0x00000000100039a0       0x34 valve_controller/CMakeFiles/valve_controller.dir/home/cbotte21/Documents/pico-sdk/lib/tinyusb/src/device/usbd.c.obj
                0x00000000100039a0                usbd_edpt_open
 .text.usbd_edpt_claim
                0x00000000100039d4       0x28 valve_controller/CMakeFiles/valve_controller.dir/home/cbotte21/Documents/pico-sdk/lib/tinyusb/src/device/usbd.c.obj
                0x00000000100039d4                usbd_edpt_claim
 .text.usbd_edpt_release
                0x00000000100039fc       0x28 valve_controller/CMakeFiles/valve_controller.dir/home/cbotte21/Documents/pico-sdk/lib/tinyusb/src/device/usbd.c.obj
                0x00000000100039fc                usbd_edpt_release
 .text.usbd_edpt_xfer
                0x0000000010003a24       0x4c valve_controller/CMakeFiles/valve_controller.dir/home/cbotte21/Documents/pico-sdk/lib/tinyusb/src/device/usbd.c.obj
                0x0000000010003a24                usbd_edpt_xfer
 .text.tud_control_status
                0x0000000010003a70       0x30 valve_controller/CMakeFiles/valve_controller.dir/home/cbotte21/Documents/pico-sdk/lib/tinyusb/src/device/usbd_control.c.obj
                0x0000000010003a70                tud_control_status
 .text.tud_control_xfer
                0x0000000010003aa0       0xbc valve_controller/CMakeFiles/valve_controller.dir/home/cbotte21/Documents/pico-sdk/lib/tinyusb/src/device/usbd_control.c.obj
                0x0000000010003aa0                tud_control_xfer
 .text.usbd_control_reset
                0x0000000010003b5c       0x14 valve_controller/CMakeFiles/valve_controller.dir/home/cbotte21/Documents/pico-sdk/lib/tinyusb/src/device/usbd_control.c.obj
                0x0000000010003b5c                usbd_control_reset
 .text.usbd_control_set_complete_callback
                0x0000000010003b70        0xc valve_controller/CMakeFiles/valve_controller.dir/home/cbotte21/Documents/pico-sdk/lib/tinyusb/src/device/usbd_control.c.obj
                0x0000000010003b70                usbd_control_set_complete_callback
 .text.usbd_control_set_request
                0x0000000010003b7c       0x1c valve_controller/CMakeFiles/valve_controller.dir/home/cbotte21/Documents/pico-sdk/lib/tinyusb/src/device/usbd_control.c.obj
                0x0000000010003b7c                usbd_control_set_request
 .text.usbd_control_xfer_cb
                0x0000000010003b98       0xfc valve_controller/CMakeFiles/valve_controller.dir/home/cbotte21/Documents/pico-sdk/lib/tinyusb/src/device/usbd_control.c.obj
                0x0000000010003b98                usbd_control_xfer_cb
 .text.tud_cdc_n_connected
                0x0000000010003c94       0x30 valve_controller/CMakeFiles/valve_controller.dir/home/cbotte21/Documents/pico-sdk/lib/tinyusb/src/class/cdc/cdc_device.c.obj
                0x0000000010003c94                tud_cdc_n_connected
 .text.tud_cdc_n_available
                0x0000000010003cc4       0x18 valve_controller/CMakeFiles/valve_controller.dir/home/cbotte21/Documents/pico-sdk/lib/tinyusb/src/class/cdc/cdc_device.c.obj
                0x0000000010003cc4                tud_cdc_n_available
 .text.tud_cdc_n_read
                0x0000000010003cdc       0x70 valve_controller/CMakeFiles/valve_controller.dir/home/cbotte21/Documents/pico-sdk/lib/tinyusb/src/class/cdc/cdc_device.c.obj
                0x0000000010003cdc                tud_cdc_n_read
 .text.tud_cdc_n_write_flush
                0x0000000010003d4c       0x78 valve_controller/CMakeFiles/valve_controller.dir/home/cbotte21/Documents/pico-sdk/lib/tinyusb/src/class/cdc/cdc_device.c.obj
                0x0000000010003d4c                tud_cdc_n_write_flush
 .text.tud_cdc_n_write
                0x0000000010003dc4       0x34 valve_controller/CMakeFiles/valve_controller.dir/home/cbotte21/Documents/pico-sdk/lib/tinyusb/src/class/cdc/cdc_device.c.obj
                0x0000000010003dc4                tud_cdc_n_write
 .text.tud_cdc_n_write_available
                0x0000000010003df8       0x18 valve_controller/CMakeFiles/valve_controller.dir/home/cbotte21/Documents/pico-sdk/lib/tinyusb/src/class/cdc/cdc_device.c.obj
                0x0000000010003df8                tud_cdc_n_write_available
 .text.cdcd_init
                0x0000000010003e10       0x7c valve_controller/CMakeFiles/valve_controller.dir/home/cbotte21/Documents/pico-sdk/lib/tinyusb/src/class/cdc/cdc_device.c.obj
                0x0000000010003e10                cdcd_init
 .text.cdcd_reset
                0x0000000010003e8c       0x2c valve_controller/CMakeFiles/valve_controller.dir/home/cbotte21/Documents/pico-sdk/lib/tinyusb/src/class/cdc/cdc_device.c.obj
                0x0000000010003e8c                cdcd_reset
 .text.cdcd_open
                0x0000000010003eb8       0xe8 valve_controller/CMakeFiles/valve_controller.dir/home/cbotte21/Documents/pico-sdk/lib/tinyusb/src/class/cdc/cdc_device.c.obj
                0x0000000010003eb8                cdcd_open
 .text.cdcd_control_xfer_cb
                0x0000000010003fa0       0xe4 valve_controller/CMakeFiles/valve_controller.dir/home/cbotte21/Documents/pico-sdk/lib/tinyusb/src/class/cdc/cdc_device.c.obj
                0x0000000010003fa0                cdcd_control_xfer_cb
 .text.cdcd_xfer_cb
                0x0000000010004084      0x148 valve_controller/CMakeFiles/valve_controller.dir/home/cbotte21/Documents/pico-sdk/lib/tinyusb/src/class/cdc/cdc_device.c.obj
                0x0000000010004084                cdcd_xfer_cb
 .text.tusb_init
                0x00000000100041cc        0xc valve_controller/CMakeFiles/valve_controller.dir/home/cbotte21/Documents/pico-sdk/lib/tinyusb/src/tusb.c.obj
                0x00000000100041cc                tusb_init
 .text.tusb_inited
                0x00000000100041d8        0x8 valve_controller/CMakeFiles/valve_controller.dir/home/cbotte21/Documents/pico-sdk/lib/tinyusb/src/tusb.c.obj
                0x00000000100041d8                tusb_inited
 .text.tu_edpt_claim
                0x00000000100041e0       0x50 valve_controller/CMakeFiles/valve_controller.dir/home/cbotte21/Documents/pico-sdk/lib/tinyusb/src/tusb.c.obj
                0x00000000100041e0                tu_edpt_claim
 .text.tu_edpt_release
                0x0000000010004230       0x38 valve_controller/CMakeFiles/valve_controller.dir/home/cbotte21/Documents/pico-sdk/lib/tinyusb/src/tusb.c.obj
                0x0000000010004230                tu_edpt_release
 .text.tu_edpt_validate
                0x0000000010004268       0x78 valve_controller/CMakeFiles/valve_controller.dir/home/cbotte21/Documents/pico-sdk/lib/tinyusb/src/tusb.c.obj
                0x0000000010004268                tu_edpt_validate
 .text.tu_edpt_bind_driver
                0x00000000100042e0       0x34 valve_controller/CMakeFiles/valve_controller.dir/home/cbotte21/Documents/pico-sdk/lib/tinyusb/src/tusb.c.obj
                0x00000000100042e0                tu_edpt_bind_driver
 .text.tu_fifo_config
                0x0000000010004314       0x70 valve_controller/CMakeFiles/valve_controller.dir/home/cbotte21/Documents/pico-sdk/lib/tinyusb/src/common/tusb_fifo.c.obj
                0x0000000010004314                tu_fifo_config
 .text.tu_fifo_count
                0x0000000010004384       0x2c valve_controller/CMakeFiles/valve_controller.dir/home/cbotte21/Documents/pico-sdk/lib/tinyusb/src/common/tusb_fifo.c.obj
                0x0000000010004384                tu_fifo_count
 .text.tu_fifo_empty
                0x00000000100043b0       0x10 valve_controller/CMakeFiles/valve_controller.dir/home/cbotte21/Documents/pico-sdk/lib/tinyusb/src/common/tusb_fifo.c.obj
                0x00000000100043b0                tu_fifo_empty
 .text.tu_fifo_remaining
                0x00000000100043c0       0x2c valve_controller/CMakeFiles/valve_controller.dir/home/cbotte21/Documents/pico-sdk/lib/tinyusb/src/common/tusb_fifo.c.obj
                0x00000000100043c0                tu_fifo_remaining
 .text.tu_fifo_read
                0x00000000100043ec       0xa0 valve_controller/CMakeFiles/valve_controller.dir/home/cbotte21/Documents/pico-sdk/lib/tinyusb/src/common/tusb_fifo.c.obj
                0x00000000100043ec                tu_fifo_read
 .text.tu_fifo_read_n
                0x000000001000448c       0xec valve_controller/CMakeFiles/valve_controller.dir/home/cbotte21/Documents/pico-sdk/lib/tinyusb/src/common/tusb_fifo.c.obj
                0x000000001000448c                tu_fifo_read_n
 .text.tu_fifo_write
                0x0000000010004578       0x88 valve_controller/CMakeFiles/valve_controller.dir/home/cbotte21/Documents/pico-sdk/lib/tinyusb/src/common/tusb_fifo.c.obj
                0x0000000010004578                tu_fifo_write
 .text.tu_fifo_write_n
                0x0000000010004600      0x168 valve_controller/CMakeFiles/valve_controller.dir/home/cbotte21/Documents/pico-sdk/lib/tinyusb/src/common/tusb_fifo.c.obj
                0x0000000010004600                tu_fifo_write_n
 .text.tu_fifo_clear
                0x0000000010004768       0x40 valve_controller/CMakeFiles/valve_controller.dir/home/cbotte21/Documents/pico-sdk/lib/tinyusb/src/common/tusb_fifo.c.obj
                0x0000000010004768                tu_fifo_clear
 .text.tu_fifo_set_overwritable
                0x00000000100047a8       0x48 valve_controller/CMakeFiles/valve_controller.dir/home/cbotte21/Documents/pico-sdk/lib/tinyusb/src/common/tusb_fifo.c.obj
                0x00000000100047a8                tu_fifo_set_overwritable
 .text.unlikely._ZSt17__throw_bad_allocv
                0x00000000100047f0       0x20 /usr/lib/gcc/arm-none-eabi/10.3.1/../../../arm-none-eabi/lib/thumb/v6-m/nofp/libstdc++.a(functexcept.o)
                0x00000000100047f0                std::__throw_bad_alloc()
 .text.unlikely._ZSt19__throw_logic_errorPKc
                0x0000000010004810       0x30 /usr/lib/gcc/arm-none-eabi/10.3.1/../../../arm-none-eabi/lib/thumb/v6-m/nofp/libstdc++.a(functexcept.o)
                0x0000000010004810                std::__throw_logic_error(char const*)
 .text.unlikely._ZSt20__throw_length_errorPKc
                0x0000000010004840       0x30 /usr/lib/gcc/arm-none-eabi/10.3.1/../../../arm-none-eabi/lib/thumb/v6-m/nofp/libstdc++.a(functexcept.o)
                0x0000000010004840                std::__throw_length_error(char const*)
 .text._ZNKSt9bad_alloc4whatEv
                0x0000000010004870        0x8 /usr/lib/gcc/arm-none-eabi/10.3.1/../../../arm-none-eabi/lib/thumb/v6-m/nofp/libstdc++.a(bad_alloc.o)
                0x0000000010004870                std::bad_alloc::what() const
 .text._ZNSt9bad_allocD2Ev
                0x0000000010004878       0x18 /usr/lib/gcc/arm-none-eabi/10.3.1/../../../arm-none-eabi/lib/thumb/v6-m/nofp/libstdc++.a(bad_alloc.o)
                0x0000000010004878                std::bad_alloc::~bad_alloc()
                0x0000000010004878                std::bad_alloc::~bad_alloc()
 .text._ZNSt9bad_allocD0Ev
                0x0000000010004890       0x20 /usr/lib/gcc/arm-none-eabi/10.3.1/../../../arm-none-eabi/lib/thumb/v6-m/nofp/libstdc++.a(bad_alloc.o)
                0x0000000010004890                std::bad_alloc::~bad_alloc()
 .text._ZN12_GLOBAL__N_14pool4freeEPv.constprop.0
                0x00000000100048b0       0x78 /usr/lib/gcc/arm-none-eabi/10.3.1/../../../arm-none-eabi/lib/thumb/v6-m/nofp/libstdc++.a(eh_alloc.o)
 .text._ZN12_GLOBAL__N_14pool8allocateEj.constprop.0
                0x0000000010004928       0x54 /usr/lib/gcc/arm-none-eabi/10.3.1/../../../arm-none-eabi/lib/thumb/v6-m/nofp/libstdc++.a(eh_alloc.o)
 .text.__cxa_allocate_exception
                0x000000001000497c       0x2c /usr/lib/gcc/arm-none-eabi/10.3.1/../../../arm-none-eabi/lib/thumb/v6-m/nofp/libstdc++.a(eh_alloc.o)
                0x000000001000497c                __cxa_allocate_exception
 .text.__cxa_free_exception
                0x00000000100049a8       0x24 /usr/lib/gcc/arm-none-eabi/10.3.1/../../../arm-none-eabi/lib/thumb/v6-m/nofp/libstdc++.a(eh_alloc.o)
                0x00000000100049a8                __cxa_free_exception
 .text.startup._GLOBAL__sub_I__ZN9__gnu_cxx9__freeresEv
                0x00000000100049cc       0x2c /usr/lib/gcc/arm-none-eabi/10.3.1/../../../arm-none-eabi/lib/thumb/v6-m/nofp/libstdc++.a(eh_alloc.o)
 .text.__cxa_end_cleanup
                0x00000000100049f8        0xc /usr/lib/gcc/arm-none-eabi/10.3.1/../../../arm-none-eabi/lib/thumb/v6-m/nofp/libstdc++.a(eh_arm.o)
                0x00000000100049f8                __cxa_end_cleanup
 .text.__cxa_type_match
                0x0000000010004a04       0xc0 /usr/lib/gcc/arm-none-eabi/10.3.1/../../../arm-none-eabi/lib/thumb/v6-m/nofp/libstdc++.a(eh_arm.o)
                0x0000000010004a04                __cxa_type_match
 .text.__cxa_begin_cleanup
                0x0000000010004ac4       0x60 /usr/lib/gcc/arm-none-eabi/10.3.1/../../../arm-none-eabi/lib/thumb/v6-m/nofp/libstdc++.a(eh_arm.o)
                0x0000000010004ac4                __cxa_begin_cleanup
 .text.__gnu_end_cleanup
                0x0000000010004b24       0x70 /usr/lib/gcc/arm-none-eabi/10.3.1/../../../arm-none-eabi/lib/thumb/v6-m/nofp/libstdc++.a(eh_arm.o)
                0x0000000010004b24                __gnu_end_cleanup
 .text._ZNSt9exceptionD2Ev
                0x0000000010004b94        0x4 /usr/lib/gcc/arm-none-eabi/10.3.1/../../../arm-none-eabi/lib/thumb/v6-m/nofp/libstdc++.a(eh_exception.o)
                0x0000000010004b94                std::exception::~exception()
                0x0000000010004b94                std::exception::~exception()
 .text._ZNSt13bad_exceptionD2Ev
                0x0000000010004b98        0x4 /usr/lib/gcc/arm-none-eabi/10.3.1/../../../arm-none-eabi/lib/thumb/v6-m/nofp/libstdc++.a(eh_exception.o)
                0x0000000010004b98                std::bad_exception::~bad_exception()
                0x0000000010004b98                std::bad_exception::~bad_exception()
 .text._ZNKSt13bad_exception4whatEv
                0x0000000010004b9c        0x8 /usr/lib/gcc/arm-none-eabi/10.3.1/../../../arm-none-eabi/lib/thumb/v6-m/nofp/libstdc++.a(eh_exception.o)
                0x0000000010004b9c                transaction clone for std::bad_exception::what() const
                0x0000000010004b9c                std::bad_exception::what() const
 .text._ZNSt13bad_exceptionD0Ev
                0x0000000010004ba4       0x10 /usr/lib/gcc/arm-none-eabi/10.3.1/../../../arm-none-eabi/lib/thumb/v6-m/nofp/libstdc++.a(eh_exception.o)
                0x0000000010004ba4                std::bad_exception::~bad_exception()
 .text.__cxa_get_globals_fast
                0x0000000010004bb4        0x8 /usr/lib/gcc/arm-none-eabi/10.3.1/../../../arm-none-eabi/lib/thumb/v6-m/nofp/libstdc++.a(eh_globals.o)
                0x0000000010004bb4                __cxa_get_globals_fast
 .text.__cxa_get_globals
                0x0000000010004bbc        0x8 /usr/lib/gcc/arm-none-eabi/10.3.1/../../../arm-none-eabi/lib/thumb/v6-m/nofp/libstdc++.a(eh_globals.o)
                0x0000000010004bbc                __cxa_get_globals
 .text._ZL28read_encoded_value_with_basehjPKhPj
                0x0000000010004bc4      0x114 /usr/lib/gcc/arm-none-eabi/10.3.1/../../../arm-none-eabi/lib/thumb/v6-m/nofp/libstdc++.a(eh_personality.o)
 .text._ZL21base_of_encoded_valuehP15_Unwind_Context
                0x0000000010004cd8       0x48 /usr/lib/gcc/arm-none-eabi/10.3.1/../../../arm-none-eabi/lib/thumb/v6-m/nofp/libstdc++.a(eh_personality.o)
 .text._ZL17parse_lsda_headerP15_Unwind_ContextPKhP16lsda_header_info
                0x0000000010004d20       0x98 /usr/lib/gcc/arm-none-eabi/10.3.1/../../../arm-none-eabi/lib/thumb/v6-m/nofp/libstdc++.a(eh_personality.o)
 .text.__gxx_personality_v0
                0x0000000010004db8      0x4c8 /usr/lib/gcc/arm-none-eabi/10.3.1/../../../arm-none-eabi/lib/thumb/v6-m/nofp/libstdc++.a(eh_personality.o)
                0x0000000010004db8                __gxx_personality_v0
 .text._ZN10__cxxabiv111__terminateEPFvvE
                0x0000000010005280       0x28 /usr/lib/gcc/arm-none-eabi/10.3.1/../../../arm-none-eabi/lib/thumb/v6-m/nofp/libstdc++.a(eh_terminate.o)
                0x0000000010005280                __cxxabiv1::__terminate(void (*)())
 .text._ZSt9terminatev
                0x00000000100052a8       0x10 /usr/lib/gcc/arm-none-eabi/10.3.1/../../../arm-none-eabi/lib/thumb/v6-m/nofp/libstdc++.a(eh_terminate.o)
                0x00000000100052a8                std::terminate()
 .text._ZN10__cxxabiv112__unexpectedEPFvvE
                0x00000000100052b8        0x8 /usr/lib/gcc/arm-none-eabi/10.3.1/../../../arm-none-eabi/lib/thumb/v6-m/nofp/libstdc++.a(eh_terminate.o)
                0x00000000100052b8                __cxxabiv1::__unexpected(void (*)())
 .text._ZSt10unexpectedv
                0x00000000100052c0       0x10 /usr/lib/gcc/arm-none-eabi/10.3.1/../../../arm-none-eabi/lib/thumb/v6-m/nofp/libstdc++.a(eh_terminate.o)
                0x00000000100052c0                std::unexpected()
 .text._ZSt13get_terminatev
                0x00000000100052d0        0xc /usr/lib/gcc/arm-none-eabi/10.3.1/../../../arm-none-eabi/lib/thumb/v6-m/nofp/libstdc++.a(eh_terminate.o)
                0x00000000100052d0                std::get_terminate()
 .text._ZSt14get_unexpectedv
                0x00000000100052dc        0xc /usr/lib/gcc/arm-none-eabi/10.3.1/../../../arm-none-eabi/lib/thumb/v6-m/nofp/libstdc++.a(eh_terminate.o)
                0x00000000100052dc                std::get_unexpected()
 .text._ZL23__gxx_exception_cleanup19_Unwind_Reason_CodeP21_Unwind_Control_Block
                0x00000000100052e8       0x34 /usr/lib/gcc/arm-none-eabi/10.3.1/../../../arm-none-eabi/lib/thumb/v6-m/nofp/libstdc++.a(eh_throw.o)
 .text.__cxa_init_primary_exception
                0x000000001000531c       0x4c /usr/lib/gcc/arm-none-eabi/10.3.1/../../../arm-none-eabi/lib/thumb/v6-m/nofp/libstdc++.a(eh_throw.o)
                0x000000001000531c                __cxa_init_primary_exception
 .text.__cxa_throw
                0x0000000010005368       0x34 /usr/lib/gcc/arm-none-eabi/10.3.1/../../../arm-none-eabi/lib/thumb/v6-m/nofp/libstdc++.a(eh_throw.o)
                0x0000000010005368                __cxa_throw
 .text.__cxa_rethrow
                0x000000001000539c       0x70 /usr/lib/gcc/arm-none-eabi/10.3.1/../../../arm-none-eabi/lib/thumb/v6-m/nofp/libstdc++.a(eh_throw.o)
                0x000000001000539c                __cxa_rethrow
 .text._ZN10__cxxabiv120__si_class_type_infoD2Ev
                0x000000001000540c       0x18 /usr/lib/gcc/arm-none-eabi/10.3.1/../../../arm-none-eabi/lib/thumb/v6-m/nofp/libstdc++.a(si_class_type_info.o)
                0x000000001000540c                __cxxabiv1::__si_class_type_info::~__si_class_type_info()
                0x000000001000540c                __cxxabiv1::__si_class_type_info::~__si_class_type_info()
 .text._ZN10__cxxabiv120__si_class_type_infoD0Ev
                0x0000000010005424       0x20 /usr/lib/gcc/arm-none-eabi/10.3.1/../../../arm-none-eabi/lib/thumb/v6-m/nofp/libstdc++.a(si_class_type_info.o)
                0x0000000010005424                __cxxabiv1::__si_class_type_info::~__si_class_type_info()
 .text._ZNK10__cxxabiv120__si_class_type_info20__do_find_public_srcEiPKvPKNS_17__class_type_infoES2_
                0x0000000010005444       0x38 /usr/lib/gcc/arm-none-eabi/10.3.1/../../../arm-none-eabi/lib/thumb/v6-m/nofp/libstdc++.a(si_class_type_info.o)
                0x0000000010005444                __cxxabiv1::__si_class_type_info::__do_find_public_src(int, void const*, __cxxabiv1::__class_type_info const*, void const*) const
 .text._ZNK10__cxxabiv120__si_class_type_info12__do_dyncastEiNS_17__class_type_info10__sub_kindEPKS1_PKvS4_S6_RNS1_16__dyncast_resultE
                0x000000001000547c       0x9c /usr/lib/gcc/arm-none-eabi/10.3.1/../../../arm-none-eabi/lib/thumb/v6-m/nofp/libstdc++.a(si_class_type_info.o)
                0x000000001000547c                __cxxabiv1::__si_class_type_info::__do_dyncast(int, __cxxabiv1::__class_type_info::__sub_kind, __cxxabiv1::__class_type_info const*, void const*, __cxxabiv1::__class_type_info const*, void const*, __cxxabiv1::__class_type_info::__dyncast_result&) const
 .text._ZNK10__cxxabiv120__si_class_type_info11__do_upcastEPKNS_17__class_type_infoEPKvRNS1_15__upcast_resultE
                0x0000000010005518       0x24 /usr/lib/gcc/arm-none-eabi/10.3.1/../../../arm-none-eabi/lib/thumb/v6-m/nofp/libstdc++.a(si_class_type_info.o)
                0x0000000010005518                __cxxabiv1::__si_class_type_info::__do_upcast(__cxxabiv1::__class_type_info const*, void const*, __cxxabiv1::__class_type_info::__upcast_result&) const
 .text._ZNSt9type_infoD2Ev
                0x000000001000553c        0x4 /usr/lib/gcc/arm-none-eabi/10.3.1/../../../arm-none-eabi/lib/thumb/v6-m/nofp/libstdc++.a(tinfo.o)
                0x000000001000553c                std::type_info::~type_info()
                0x000000001000553c                std::type_info::~type_info()
 .text._ZNKSt9type_info14__is_pointer_pEv
                0x0000000010005540        0x4 /usr/lib/gcc/arm-none-eabi/10.3.1/../../../arm-none-eabi/lib/thumb/v6-m/nofp/libstdc++.a(tinfo.o)
                0x0000000010005540                std::type_info::__is_function_p() const
                0x0000000010005540                std::type_info::__is_pointer_p() const
 .text._ZNKSt9type_infoeqERKS_
                0x0000000010005544       0x30 /usr/lib/gcc/arm-none-eabi/10.3.1/../../../arm-none-eabi/lib/thumb/v6-m/nofp/libstdc++.a(tinfo.o)
                0x0000000010005544                std::type_info::operator==(std::type_info const&) const
 .text._ZNKSt11logic_error4whatEv
                0x0000000010005574        0x4 /usr/lib/gcc/arm-none-eabi/10.3.1/../../../arm-none-eabi/lib/thumb/v6-m/nofp/libstdc++.a(stdexcept.o)
                0x0000000010005574                std::runtime_error::what() const
                0x0000000010005574                std::logic_error::what() const
 .text._ZNSt11logic_errorD2Ev
                0x0000000010005578       0x40 /usr/lib/gcc/arm-none-eabi/10.3.1/../../../arm-none-eabi/lib/thumb/v6-m/nofp/libstdc++.a(stdexcept.o)
                0x0000000010005578                std::logic_error::~logic_error()
                0x0000000010005578                std::logic_error::~logic_error()
 .text._ZNSt12length_errorD2Ev
                0x00000000100055b8       0x40 /usr/lib/gcc/arm-none-eabi/10.3.1/../../../arm-none-eabi/lib/thumb/v6-m/nofp/libstdc++.a(stdexcept.o)
                0x00000000100055b8                std::length_error::~length_error()
                0x00000000100055b8                std::length_error::~length_error()
 .text._ZNSt11logic_errorD0Ev
                0x00000000100055f8       0x48 /usr/lib/gcc/arm-none-eabi/10.3.1/../../../arm-none-eabi/lib/thumb/v6-m/nofp/libstdc++.a(stdexcept.o)
                0x00000000100055f8                std::logic_error::~logic_error()
 .text._ZNSt12length_errorD0Ev
                0x0000000010005640       0x48 /usr/lib/gcc/arm-none-eabi/10.3.1/../../../arm-none-eabi/lib/thumb/v6-m/nofp/libstdc++.a(stdexcept.o)
                0x0000000010005640                std::length_error::~length_error()
 .text._ZNSt11logic_errorC2EPKc
                0x0000000010005688       0x88 /usr/lib/gcc/arm-none-eabi/10.3.1/../../../arm-none-eabi/lib/thumb/v6-m/nofp/libstdc++.a(cow-stdexcept.o)
                0x0000000010005688                std::logic_error::logic_error(char const*)
                0x0000000010005688                std::logic_error::logic_error(char const*)
 .text._ZNSt12length_errorC2EPKc
                0x0000000010005710       0x14 /usr/lib/gcc/arm-none-eabi/10.3.1/../../../arm-none-eabi/lib/thumb/v6-m/nofp/libstdc++.a(cow-stdexcept.o)
                0x0000000010005710                std::length_error::length_error(char const*)
                0x0000000010005710                std::length_error::length_error(char const*)
 .text._ZNSs4_Rep9_S_createEjjRKSaIcE
                0x0000000010005724       0x78 /usr/lib/gcc/arm-none-eabi/10.3.1/../../../arm-none-eabi/lib/thumb/v6-m/nofp/libstdc++.a(cow-string-inst.o)
                0x0000000010005724                std::string::_Rep::_S_create(unsigned int, unsigned int, std::allocator<char> const&)
 .text._ZNSs4_Rep10_M_destroyERKSaIcE
                0x000000001000579c        0x8 /usr/lib/gcc/arm-none-eabi/10.3.1/../../../arm-none-eabi/lib/thumb/v6-m/nofp/libstdc++.a(cow-string-inst.o)
                0x000000001000579c                std::string::_Rep::_M_destroy(std::allocator<char> const&)
 .text._ZNK10__cxxabiv117__class_type_info11__do_upcastEPKS0_PPv
                0x00000000100057a4       0x34 /usr/lib/gcc/arm-none-eabi/10.3.1/../../../arm-none-eabi/lib/thumb/v6-m/nofp/libstdc++.a(class_type_info.o)
                0x00000000100057a4                __cxxabiv1::__class_type_info::__do_upcast(__cxxabiv1::__class_type_info const*, void**) const
 .text._ZNK10__cxxabiv117__class_type_info20__do_find_public_srcEiPKvPKS0_S2_
                0x00000000100057d8       0x14 /usr/lib/gcc/arm-none-eabi/10.3.1/../../../arm-none-eabi/lib/thumb/v6-m/nofp/libstdc++.a(class_type_info.o)
                0x00000000100057d8                __cxxabiv1::__class_type_info::__do_find_public_src(int, void const*, __cxxabiv1::__class_type_info const*, void const*) const
 .text._ZN10__cxxabiv117__class_type_infoD2Ev
                0x00000000100057ec       0x18 /usr/lib/gcc/arm-none-eabi/10.3.1/../../../arm-none-eabi/lib/thumb/v6-m/nofp/libstdc++.a(class_type_info.o)
                0x00000000100057ec                __cxxabiv1::__class_type_info::~__class_type_info()
                0x00000000100057ec                __cxxabiv1::__class_type_info::~__class_type_info()
 .text._ZN10__cxxabiv117__class_type_infoD0Ev
                0x0000000010005804       0x20 /usr/lib/gcc/arm-none-eabi/10.3.1/../../../arm-none-eabi/lib/thumb/v6-m/nofp/libstdc++.a(class_type_info.o)
                0x0000000010005804                __cxxabiv1::__class_type_info::~__class_type_info()
 .text._ZNK10__cxxabiv117__class_type_info12__do_dyncastEiNS0_10__sub_kindEPKS0_PKvS3_S5_RNS0_16__dyncast_resultE
                0x0000000010005824       0x40 /usr/lib/gcc/arm-none-eabi/10.3.1/../../../arm-none-eabi/lib/thumb/v6-m/nofp/libstdc++.a(class_type_info.o)
                0x0000000010005824                __cxxabiv1::__class_type_info::__do_dyncast(int, __cxxabiv1::__class_type_info::__sub_kind, __cxxabiv1::__class_type_info const*, void const*, __cxxabiv1::__class_type_info const*, void const*, __cxxabiv1::__class_type_info::__dyncast_result&) const
 .text._ZNK10__cxxabiv117__class_type_info11__do_upcastEPKS0_PKvRNS0_15__upcast_resultE
                0x0000000010005864       0x1c /usr/lib/gcc/arm-none-eabi/10.3.1/../../../arm-none-eabi/lib/thumb/v6-m/nofp/libstdc++.a(class_type_info.o)
                0x0000000010005864                __cxxabiv1::__class_type_info::__do_upcast(__cxxabiv1::__class_type_info const*, void const*, __cxxabiv1::__class_type_info::__upcast_result&) const
 .text._ZNK10__cxxabiv117__class_type_info10__do_catchEPKSt9type_infoPPvj
                0x0000000010005880       0x24 /usr/lib/gcc/arm-none-eabi/10.3.1/../../../arm-none-eabi/lib/thumb/v6-m/nofp/libstdc++.a(class_type_info.o)
                0x0000000010005880                __cxxabiv1::__class_type_info::__do_catch(std::type_info const*, void**, unsigned int) const
 .text._ZN10__cxxabiv1L24__is_gxx_exception_classEPc
                0x00000000100058a4       0x3c /usr/lib/gcc/arm-none-eabi/10.3.1/../../../arm-none-eabi/lib/thumb/v6-m/nofp/libstdc++.a(eh_call.o)
 .text.__cxa_call_terminate
                0x00000000100058e0       0x20 /usr/lib/gcc/arm-none-eabi/10.3.1/../../../arm-none-eabi/lib/thumb/v6-m/nofp/libstdc++.a(eh_call.o)
                0x00000000100058e0                __cxa_call_terminate
 .text.unlikely.__cxa_call_unexpected
                0x0000000010005900      0x100 /usr/lib/gcc/arm-none-eabi/10.3.1/../../../arm-none-eabi/lib/thumb/v6-m/nofp/libstdc++.a(eh_call.o)
                0x0000000010005900                __cxa_call_unexpected
 .text.__cxa_begin_catch
                0x0000000010005a00       0x74 /usr/lib/gcc/arm-none-eabi/10.3.1/../../../arm-none-eabi/lib/thumb/v6-m/nofp/libstdc++.a(eh_catch.o)
                0x0000000010005a00                __cxa_begin_catch
 .text.__cxa_end_catch
                0x0000000010005a74       0x90 /usr/lib/gcc/arm-none-eabi/10.3.1/../../../arm-none-eabi/lib/thumb/v6-m/nofp/libstdc++.a(eh_catch.o)
                0x0000000010005a74                __cxa_end_catch
 .text          0x0000000010005b04       0x10 /usr/lib/gcc/arm-none-eabi/10.3.1/../../../arm-none-eabi/lib/thumb/v6-m/nofp/libc.a(lib_a-abort.o)
                0x0000000010005b04                abort
 .text          0x0000000010005b14       0x28 /usr/lib/gcc/arm-none-eabi/10.3.1/../../../arm-none-eabi/lib/thumb/v6-m/nofp/libc.a(lib_a-malloc.o)
                0x0000000010005b14                malloc
                0x0000000010005b28                free
 .text          0x0000000010005b3c      0x574 /usr/lib/gcc/arm-none-eabi/10.3.1/../../../arm-none-eabi/lib/thumb/v6-m/nofp/libc.a(lib_a-mallocr.o)
                0x0000000010005b3c                _malloc_r
 .text          0x00000000100060b0        0x8 /usr/lib/gcc/arm-none-eabi/10.3.1/../../../arm-none-eabi/lib/thumb/v6-m/nofp/libc.a(lib_a-mlock.o)
                0x00000000100060b0                __malloc_lock
                0x00000000100060b4                __malloc_unlock
 .text          0x00000000100060b8       0x24 /usr/lib/gcc/arm-none-eabi/10.3.1/../../../arm-none-eabi/lib/thumb/v6-m/nofp/libc.a(lib_a-sbrkr.o)
                0x00000000100060b8                _sbrk_r
 .text          0x00000000100060dc      0x2a0 /usr/lib/gcc/arm-none-eabi/10.3.1/../../../arm-none-eabi/lib/thumb/v6-m/nofp/libc.a(lib_a-signal.o)
                0x00000000100060dc                _init_signal_r
                0x0000000010006110                _signal_r
                0x0000000010006168                _raise_r
                0x00000000100061c4                __sigtramp_r
                0x0000000010006224                raise
                0x0000000010006284                signal
                0x00000000100062d8                _init_signal
                0x0000000010006314                __sigtramp
 .text          0x000000001000637c       0x30 /usr/lib/gcc/arm-none-eabi/10.3.1/../../../arm-none-eabi/lib/thumb/v6-m/nofp/libc.a(lib_a-signalr.o)
                0x000000001000637c                _kill_r
                0x00000000100063a4                _getpid_r
 .text          0x00000000100063ac       0x88 /usr/lib/gcc/arm-none-eabi/10.3.1/../../../arm-none-eabi/lib/thumb/v6-m/nofp/libc.a(lib_a-strcmp.o)
                0x00000000100063ac                strcmp
 .text          0x0000000010006434       0x5c /usr/lib/gcc/arm-none-eabi/10.3.1/../../../arm-none-eabi/lib/thumb/v6-m/nofp/libc.a(lib_a-strlen-stub.o)
                0x0000000010006434                strlen
 .text          0x0000000010006490      0x260 /usr/lib/gcc/arm-none-eabi/10.3.1/../../../arm-none-eabi/lib/thumb/v6-m/nofp/libc.a(lib_a-freer.o)
                0x0000000010006490                _malloc_trim_r
                0x000000001000652c                _free_r
 *(.fini)
 .fini          0x00000000100066f0        0x4 /usr/lib/gcc/arm-none-eabi/10.3.1/thumb/v6-m/nofp/crti.o
                0x00000000100066f0                _fini
 *fill*         0x00000000100066f4        0x4 
 .fini.__stub   0x00000000100066f8      0x180 linker stubs
 *crtbegin.o(.ctors)
 *crtbegin?.o(.ctors)
 *(EXCLUDE_FILE(*crtend.o *crtend?.o) .ctors)
 *(SORT_BY_NAME(.ctors.*))
 *(.ctors)
 *crtbegin.o(.dtors)
 *crtbegin?.o(.dtors)
 *(EXCLUDE_FILE(*crtend.o *crtend?.o) .dtors)
 *(SORT_BY_NAME(.dtors.*))
 *(.dtors)
 *(.eh_frame*)
 .eh_frame      0x0000000010006878        0x0 /usr/lib/gcc/arm-none-eabi/10.3.1/thumb/v6-m/nofp/crtbegin.o
                0x0000000010006878                . = ALIGN (0x4)

.glue_7         0x0000000010006878        0x0
 .glue_7        0x0000000010006878        0x0 linker stubs

.glue_7t        0x0000000010006878        0x0
 .glue_7t       0x0000000010006878        0x0 linker stubs

.vfp11_veneer   0x0000000010006878        0x0
 .vfp11_veneer  0x0000000010006878        0x0 linker stubs

.v4_bx          0x0000000010006878        0x0
 .v4_bx         0x0000000010006878        0x0 linker stubs

.iplt           0x0000000010006878        0x0
 .iplt          0x0000000010006878        0x0 /usr/lib/gcc/arm-none-eabi/10.3.1/thumb/v6-m/nofp/crtbegin.o

.rodata         0x0000000010006878      0x624
 *(EXCLUDE_FILE(*libm.a: *libc.a:*lib_a-mem*.o *libgcc.a:) .rodata*)
 .rodata.main.str1.4
                0x0000000010006878       0x47 valve_controller/CMakeFiles/valve_controller.dir/valve_controller.cpp.obj
 *fill*         0x00000000100068bf        0x1 
 .rodata.spin_lock_claim_unused.str1.4
                0x00000000100068c0       0x1b valve_controller/CMakeFiles/valve_controller.dir/home/cbotte21/Documents/pico-sdk/src/rp2_common/hardware_sync/sync.c.obj
 *fill*         0x00000000100068db        0x1 
 .rodata.user_irq_claim_unused.str1.4
                0x00000000100068dc       0x1b valve_controller/CMakeFiles/valve_controller.dir/home/cbotte21/Documents/pico-sdk/src/rp2_common/hardware_irq/irq.c.obj
 *fill*         0x00000000100068f7        0x1 
 .rodata.hardware_alarm_claim.str1.4
                0x00000000100068f8       0x22 valve_controller/CMakeFiles/valve_controller.dir/home/cbotte21/Documents/pico-sdk/src/rp2_common/hardware_timer/timer.c.obj
 *fill*         0x000000001000691a        0x2 
 .rodata.panic.str1.4
                0x000000001000691c       0x12 valve_controller/CMakeFiles/valve_controller.dir/home/cbotte21/Documents/pico-sdk/src/rp2_common/pico_runtime/runtime.c.obj
 *fill*         0x000000001000692e        0x2 
 .rodata.hard_assertion_failure.str1.4
                0x0000000010006930        0xc valve_controller/CMakeFiles/valve_controller.dir/home/cbotte21/Documents/pico-sdk/src/rp2_common/pico_runtime/runtime.c.obj
 .rodata.__wrap_malloc.str1.4
                0x000000001000693c        0xe valve_controller/CMakeFiles/valve_controller.dir/home/cbotte21/Documents/pico-sdk/src/rp2_common/pico_malloc/pico_malloc.c.obj
 *fill*         0x000000001000694a        0x2 
 .rodata.str1.4
                0x000000001000694c       0x88 valve_controller/CMakeFiles/valve_controller.dir/home/cbotte21/Documents/pico-sdk/src/rp2_common/pico_standard_link/binary_info.c.obj
 .rodata.__bi_44
                0x00000000100069d4        0xc valve_controller/CMakeFiles/valve_controller.dir/home/cbotte21/Documents/pico-sdk/src/rp2_common/pico_standard_link/binary_info.c.obj
 .rodata.__bi_69
                0x00000000100069e0        0xc valve_controller/CMakeFiles/valve_controller.dir/home/cbotte21/Documents/pico-sdk/src/rp2_common/pico_standard_link/binary_info.c.obj
 .rodata.__bi_75
                0x00000000100069ec        0xc valve_controller/CMakeFiles/valve_controller.dir/home/cbotte21/Documents/pico-sdk/src/rp2_common/pico_standard_link/binary_info.c.obj
 .rodata.__bi_81
                0x00000000100069f8        0xc valve_controller/CMakeFiles/valve_controller.dir/home/cbotte21/Documents/pico-sdk/src/rp2_common/pico_standard_link/binary_info.c.obj
 .rodata.crlf_str.0
                0x0000000010006a04        0x2 valve_controller/CMakeFiles/valve_controller.dir/home/cbotte21/Documents/pico-sdk/src/rp2_common/pico_stdio/stdio.c.obj
 *fill*         0x0000000010006a06        0x2 
 .rodata._resetd_driver
                0x0000000010006a08       0x18 valve_controller/CMakeFiles/valve_controller.dir/home/cbotte21/Documents/pico-sdk/src/rp2_common/pico_stdio_usb/reset_interface.c.obj
 .rodata.str1.4
                0x0000000010006a20       0x13 valve_controller/CMakeFiles/valve_controller.dir/home/cbotte21/Documents/pico-sdk/src/rp2_common/pico_stdio_usb/stdio_usb.c.obj
 *fill*         0x0000000010006a33        0x1 
 .rodata.__bi_188.0
                0x0000000010006a34        0xc valve_controller/CMakeFiles/valve_controller.dir/home/cbotte21/Documents/pico-sdk/src/rp2_common/pico_stdio_usb/stdio_usb.c.obj
 .rodata.str1.4
                0x0000000010006a40       0x2a valve_controller/CMakeFiles/valve_controller.dir/home/cbotte21/Documents/pico-sdk/src/rp2_common/pico_stdio_usb/stdio_usb_descriptors.c.obj
 *fill*         0x0000000010006a6a        0x2 
 .rodata.usbd_desc_cfg
                0x0000000010006a6c       0x54 valve_controller/CMakeFiles/valve_controller.dir/home/cbotte21/Documents/pico-sdk/src/rp2_common/pico_stdio_usb/stdio_usb_descriptors.c.obj
 .rodata.usbd_desc_device
                0x0000000010006ac0       0x12 valve_controller/CMakeFiles/valve_controller.dir/home/cbotte21/Documents/pico-sdk/src/rp2_common/pico_stdio_usb/stdio_usb_descriptors.c.obj
 *fill*         0x0000000010006ad2        0x2 
 .rodata.usbd_desc_str
                0x0000000010006ad4       0x18 valve_controller/CMakeFiles/valve_controller.dir/home/cbotte21/Documents/pico-sdk/src/rp2_common/pico_stdio_usb/stdio_usb_descriptors.c.obj
 .rodata.str1.4
                0x0000000010006aec       0x14 valve_controller/CMakeFiles/valve_controller.dir/home/cbotte21/Documents/pico-sdk/lib/tinyusb/src/portable/raspberrypi/rp2040/dcd_rp2040.c.obj
 .rodata.str1.4
                0x0000000010006b00       0x53 valve_controller/CMakeFiles/valve_controller.dir/home/cbotte21/Documents/pico-sdk/lib/tinyusb/src/portable/raspberrypi/rp2040/rp2040_usb.c.obj
 *fill*         0x0000000010006b53        0x1 
 .rodata.tud_task_ext
                0x0000000010006b54       0x8c valve_controller/CMakeFiles/valve_controller.dir/home/cbotte21/Documents/pico-sdk/lib/tinyusb/src/device/usbd.c.obj
 .rodata._usbd_driver
                0x0000000010006be0       0x18 valve_controller/CMakeFiles/valve_controller.dir/home/cbotte21/Documents/pico-sdk/lib/tinyusb/src/device/usbd.c.obj
 .rodata._ZNKSt9bad_alloc4whatEv.str1.4
                0x0000000010006bf8        0xf /usr/lib/gcc/arm-none-eabi/10.3.1/../../../arm-none-eabi/lib/thumb/v6-m/nofp/libstdc++.a(bad_alloc.o)
 *fill*         0x0000000010006c07        0x1 
 .rodata._ZTISt9bad_alloc
                0x0000000010006c08        0xc /usr/lib/gcc/arm-none-eabi/10.3.1/../../../arm-none-eabi/lib/thumb/v6-m/nofp/libstdc++.a(bad_alloc.o)
                0x0000000010006c08                typeinfo for std::bad_alloc
 .rodata._ZTSSt9bad_alloc
                0x0000000010006c14        0xd /usr/lib/gcc/arm-none-eabi/10.3.1/../../../arm-none-eabi/lib/thumb/v6-m/nofp/libstdc++.a(bad_alloc.o)
                0x0000000010006c14                typeinfo name for std::bad_alloc
 *fill*         0x0000000010006c21        0x3 
 .rodata._ZTVSt9bad_alloc
                0x0000000010006c24       0x14 /usr/lib/gcc/arm-none-eabi/10.3.1/../../../arm-none-eabi/lib/thumb/v6-m/nofp/libstdc++.a(bad_alloc.o)
                0x0000000010006c24                vtable for std::bad_alloc
 .rodata._ZNKSt13bad_exception4whatEv.str1.4
                0x0000000010006c38       0x13 /usr/lib/gcc/arm-none-eabi/10.3.1/../../../arm-none-eabi/lib/thumb/v6-m/nofp/libstdc++.a(eh_exception.o)
 *fill*         0x0000000010006c4b        0x1 
 .rodata._ZTIN10__cxxabiv115__forced_unwindE
                0x0000000010006c4c        0x8 /usr/lib/gcc/arm-none-eabi/10.3.1/../../../arm-none-eabi/lib/thumb/v6-m/nofp/libstdc++.a(eh_exception.o)
                0x0000000010006c4c                typeinfo for __cxxabiv1::__forced_unwind
 .rodata._ZTIN10__cxxabiv119__foreign_exceptionE
                0x0000000010006c54        0x8 /usr/lib/gcc/arm-none-eabi/10.3.1/../../../arm-none-eabi/lib/thumb/v6-m/nofp/libstdc++.a(eh_exception.o)
                0x0000000010006c54                typeinfo for __cxxabiv1::__foreign_exception
 .rodata._ZTISt13bad_exception
                0x0000000010006c5c        0xc /usr/lib/gcc/arm-none-eabi/10.3.1/../../../arm-none-eabi/lib/thumb/v6-m/nofp/libstdc++.a(eh_exception.o)
                0x0000000010006c5c                typeinfo for std::bad_exception
 .rodata._ZTISt9exception
                0x0000000010006c68        0x8 /usr/lib/gcc/arm-none-eabi/10.3.1/../../../arm-none-eabi/lib/thumb/v6-m/nofp/libstdc++.a(eh_exception.o)
                0x0000000010006c68                typeinfo for std::exception
 .rodata._ZTSN10__cxxabiv115__forced_unwindE
                0x0000000010006c70       0x20 /usr/lib/gcc/arm-none-eabi/10.3.1/../../../arm-none-eabi/lib/thumb/v6-m/nofp/libstdc++.a(eh_exception.o)
                0x0000000010006c70                typeinfo name for __cxxabiv1::__forced_unwind
 .rodata._ZTSN10__cxxabiv119__foreign_exceptionE
                0x0000000010006c90       0x24 /usr/lib/gcc/arm-none-eabi/10.3.1/../../../arm-none-eabi/lib/thumb/v6-m/nofp/libstdc++.a(eh_exception.o)
                0x0000000010006c90                typeinfo name for __cxxabiv1::__foreign_exception
 .rodata._ZTSSt13bad_exception
                0x0000000010006cb4       0x12 /usr/lib/gcc/arm-none-eabi/10.3.1/../../../arm-none-eabi/lib/thumb/v6-m/nofp/libstdc++.a(eh_exception.o)
                0x0000000010006cb4                typeinfo name for std::bad_exception
 *fill*         0x0000000010006cc6        0x2 
 .rodata._ZTSSt9exception
                0x0000000010006cc8        0xd /usr/lib/gcc/arm-none-eabi/10.3.1/../../../arm-none-eabi/lib/thumb/v6-m/nofp/libstdc++.a(eh_exception.o)
                0x0000000010006cc8                typeinfo name for std::exception
 *fill*         0x0000000010006cd5        0x3 
 .rodata._ZTVSt13bad_exception
                0x0000000010006cd8       0x14 /usr/lib/gcc/arm-none-eabi/10.3.1/../../../arm-none-eabi/lib/thumb/v6-m/nofp/libstdc++.a(eh_exception.o)
                0x0000000010006cd8                vtable for std::bad_exception
 .rodata._ZL28read_encoded_value_with_basehjPKhPj
                0x0000000010006cec       0x34 /usr/lib/gcc/arm-none-eabi/10.3.1/../../../arm-none-eabi/lib/thumb/v6-m/nofp/libstdc++.a(eh_personality.o)
 .rodata._ZTIN10__cxxabiv120__si_class_type_infoE
                0x0000000010006d20        0xc /usr/lib/gcc/arm-none-eabi/10.3.1/../../../arm-none-eabi/lib/thumb/v6-m/nofp/libstdc++.a(si_class_type_info.o)
                0x0000000010006d20                typeinfo for __cxxabiv1::__si_class_type_info
 .rodata._ZTSN10__cxxabiv120__si_class_type_infoE
                0x0000000010006d2c       0x25 /usr/lib/gcc/arm-none-eabi/10.3.1/../../../arm-none-eabi/lib/thumb/v6-m/nofp/libstdc++.a(si_class_type_info.o)
                0x0000000010006d2c                typeinfo name for __cxxabiv1::__si_class_type_info
 *fill*         0x0000000010006d51        0x3 
 .rodata._ZTVN10__cxxabiv120__si_class_type_infoE
                0x0000000010006d54       0x2c /usr/lib/gcc/arm-none-eabi/10.3.1/../../../arm-none-eabi/lib/thumb/v6-m/nofp/libstdc++.a(si_class_type_info.o)
                0x0000000010006d54                vtable for __cxxabiv1::__si_class_type_info
 .rodata._ZTISt9type_info
                0x0000000010006d80        0x8 /usr/lib/gcc/arm-none-eabi/10.3.1/../../../arm-none-eabi/lib/thumb/v6-m/nofp/libstdc++.a(tinfo.o)
                0x0000000010006d80                typeinfo for std::type_info
 .rodata._ZTSSt9type_info
                0x0000000010006d88        0xd /usr/lib/gcc/arm-none-eabi/10.3.1/../../../arm-none-eabi/lib/thumb/v6-m/nofp/libstdc++.a(tinfo.o)
                0x0000000010006d88                typeinfo name for std::type_info
 *fill*         0x0000000010006d95        0x3 
 .rodata._ZTISt11logic_error
                0x0000000010006d98        0xc /usr/lib/gcc/arm-none-eabi/10.3.1/../../../arm-none-eabi/lib/thumb/v6-m/nofp/libstdc++.a(stdexcept.o)
                0x0000000010006d98                typeinfo for std::logic_error
 .rodata._ZTISt12length_error
                0x0000000010006da4        0xc /usr/lib/gcc/arm-none-eabi/10.3.1/../../../arm-none-eabi/lib/thumb/v6-m/nofp/libstdc++.a(stdexcept.o)
                0x0000000010006da4                typeinfo for std::length_error
 .rodata._ZTSSt11logic_error
                0x0000000010006db0       0x10 /usr/lib/gcc/arm-none-eabi/10.3.1/../../../arm-none-eabi/lib/thumb/v6-m/nofp/libstdc++.a(stdexcept.o)
                0x0000000010006db0                typeinfo name for std::logic_error
 .rodata._ZTSSt12length_error
                0x0000000010006dc0       0x11 /usr/lib/gcc/arm-none-eabi/10.3.1/../../../arm-none-eabi/lib/thumb/v6-m/nofp/libstdc++.a(stdexcept.o)
                0x0000000010006dc0                typeinfo name for std::length_error
 *fill*         0x0000000010006dd1        0x3 
 .rodata._ZTVSt11logic_error
                0x0000000010006dd4       0x14 /usr/lib/gcc/arm-none-eabi/10.3.1/../../../arm-none-eabi/lib/thumb/v6-m/nofp/libstdc++.a(stdexcept.o)
                0x0000000010006dd4                vtable for std::logic_error
 .rodata._ZTVSt12length_error
                0x0000000010006de8       0x14 /usr/lib/gcc/arm-none-eabi/10.3.1/../../../arm-none-eabi/lib/thumb/v6-m/nofp/libstdc++.a(stdexcept.o)
                0x0000000010006de8                vtable for std::length_error
 .rodata._ZNSt11logic_errorC2EPKc.str1.4
                0x0000000010006dfc       0x2a /usr/lib/gcc/arm-none-eabi/10.3.1/../../../arm-none-eabi/lib/thumb/v6-m/nofp/libstdc++.a(cow-stdexcept.o)
 *fill*         0x0000000010006e26        0x2 
 .rodata._ZNSs4_Rep9_S_createEjjRKSaIcE.str1.4
                0x0000000010006e28       0x18 /usr/lib/gcc/arm-none-eabi/10.3.1/../../../arm-none-eabi/lib/thumb/v6-m/nofp/libstdc++.a(cow-string-inst.o)
 .rodata._ZTIN10__cxxabiv117__class_type_infoE
                0x0000000010006e40        0xc /usr/lib/gcc/arm-none-eabi/10.3.1/../../../arm-none-eabi/lib/thumb/v6-m/nofp/libstdc++.a(class_type_info.o)
                0x0000000010006e40                typeinfo for __cxxabiv1::__class_type_info
 .rodata._ZTSN10__cxxabiv117__class_type_infoE
                0x0000000010006e4c       0x22 /usr/lib/gcc/arm-none-eabi/10.3.1/../../../arm-none-eabi/lib/thumb/v6-m/nofp/libstdc++.a(class_type_info.o)
                0x0000000010006e4c                typeinfo name for __cxxabiv1::__class_type_info
 *fill*         0x0000000010006e6e        0x2 
 .rodata._ZTVN10__cxxabiv117__class_type_infoE
                0x0000000010006e70       0x2c /usr/lib/gcc/arm-none-eabi/10.3.1/../../../arm-none-eabi/lib/thumb/v6-m/nofp/libstdc++.a(class_type_info.o)
                0x0000000010006e70                vtable for __cxxabiv1::__class_type_info
                0x0000000010006e9c                . = ALIGN (0x4)
 *(SORT_BY_ALIGNMENT(SORT_BY_NAME(.flashdata*)))
                0x0000000010006e9c                . = ALIGN (0x4)

.ARM.extab      0x0000000010006e9c      0x118
 *(.ARM.extab* .gnu.linkonce.armextab.*)
 .ARM.extab.text.unlikely._ZSt19__throw_logic_errorPKc
                0x0000000010006e9c       0x14 /usr/lib/gcc/arm-none-eabi/10.3.1/../../../arm-none-eabi/lib/thumb/v6-m/nofp/libstdc++.a(functexcept.o)
 .ARM.extab.text.unlikely._ZSt20__throw_length_errorPKc
                0x0000000010006eb0       0x14 /usr/lib/gcc/arm-none-eabi/10.3.1/../../../arm-none-eabi/lib/thumb/v6-m/nofp/libstdc++.a(functexcept.o)
 .ARM.extab.text.__cxa_type_match
                0x0000000010006ec4        0xc /usr/lib/gcc/arm-none-eabi/10.3.1/../../../arm-none-eabi/lib/thumb/v6-m/nofp/libstdc++.a(eh_arm.o)
 .ARM.extab.text._ZL28read_encoded_value_with_basehjPKhPj
                0x0000000010006ed0        0xc /usr/lib/gcc/arm-none-eabi/10.3.1/../../../arm-none-eabi/lib/thumb/v6-m/nofp/libstdc++.a(eh_personality.o)
 .ARM.extab.text.__gxx_personality_v0
                0x0000000010006edc       0x28 /usr/lib/gcc/arm-none-eabi/10.3.1/../../../arm-none-eabi/lib/thumb/v6-m/nofp/libstdc++.a(eh_personality.o)
 .ARM.extab.text._ZN10__cxxabiv111__terminateEPFvvE
                0x0000000010006f04       0x28 /usr/lib/gcc/arm-none-eabi/10.3.1/../../../arm-none-eabi/lib/thumb/v6-m/nofp/libstdc++.a(eh_terminate.o)
 .ARM.extab.text._ZNK10__cxxabiv120__si_class_type_info12__do_dyncastEiNS_17__class_type_info10__sub_kindEPKS1_PKvS4_S6_RNS1_16__dyncast_resultE
                0x0000000010006f2c        0xc /usr/lib/gcc/arm-none-eabi/10.3.1/../../../arm-none-eabi/lib/thumb/v6-m/nofp/libstdc++.a(si_class_type_info.o)
 .ARM.extab.text._ZNSt11logic_errorC2EPKc
                0x0000000010006f38       0x18 /usr/lib/gcc/arm-none-eabi/10.3.1/../../../arm-none-eabi/lib/thumb/v6-m/nofp/libstdc++.a(cow-stdexcept.o)
 .ARM.extab.text._ZNSs4_Rep9_S_createEjjRKSaIcE
                0x0000000010006f50        0x0 /usr/lib/gcc/arm-none-eabi/10.3.1/../../../arm-none-eabi/lib/thumb/v6-m/nofp/libstdc++.a(cow-string-inst.o)
 .ARM.extab.text._ZNSs4_Rep10_M_destroyERKSaIcE
                0x0000000010006f50        0x0 /usr/lib/gcc/arm-none-eabi/10.3.1/../../../arm-none-eabi/lib/thumb/v6-m/nofp/libstdc++.a(cow-string-inst.o)
 .ARM.extab.text.unlikely.__cxa_call_unexpected
                0x0000000010006f50       0x28 /usr/lib/gcc/arm-none-eabi/10.3.1/../../../arm-none-eabi/lib/thumb/v6-m/nofp/libstdc++.a(eh_call.o)
 .ARM.extab.text.__cxa_begin_catch
                0x0000000010006f78        0xc /usr/lib/gcc/arm-none-eabi/10.3.1/../../../arm-none-eabi/lib/thumb/v6-m/nofp/libstdc++.a(eh_catch.o)
 .ARM.extab     0x0000000010006f84       0x24 /usr/lib/gcc/arm-none-eabi/10.3.1/thumb/v6-m/nofp/libgcc.a(unwind-arm.o)
 .ARM.extab     0x0000000010006fa8        0xc /usr/lib/gcc/arm-none-eabi/10.3.1/thumb/v6-m/nofp/libgcc.a(pr-support.o)
                0x0000000010006fb4                __exidx_start = .

.ARM.exidx      0x0000000010006fb4      0x1d0
 *(.ARM.exidx* .gnu.linkonce.armexidx.*)
 .ARM.exidx.text.unlikely._ZSt17__throw_bad_allocv
                0x0000000010006fb4        0x8 /usr/lib/gcc/arm-none-eabi/10.3.1/../../../arm-none-eabi/lib/thumb/v6-m/nofp/libstdc++.a(functexcept.o)
 .ARM.exidx.text.unlikely._ZSt19__throw_logic_errorPKc
                0x0000000010006fbc        0x8 /usr/lib/gcc/arm-none-eabi/10.3.1/../../../arm-none-eabi/lib/thumb/v6-m/nofp/libstdc++.a(functexcept.o)
 .ARM.exidx.text.unlikely._ZSt20__throw_length_errorPKc
                0x0000000010006fc4        0x8 /usr/lib/gcc/arm-none-eabi/10.3.1/../../../arm-none-eabi/lib/thumb/v6-m/nofp/libstdc++.a(functexcept.o)
 .ARM.exidx.text._ZNKSt9bad_alloc4whatEv
                0x0000000010006fcc        0x8 /usr/lib/gcc/arm-none-eabi/10.3.1/../../../arm-none-eabi/lib/thumb/v6-m/nofp/libstdc++.a(bad_alloc.o)
 .ARM.exidx.text._ZNSt9bad_allocD2Ev
                0x0000000010006fd4        0x0 /usr/lib/gcc/arm-none-eabi/10.3.1/../../../arm-none-eabi/lib/thumb/v6-m/nofp/libstdc++.a(bad_alloc.o)
                                          0x8 (size before relaxing)
 .ARM.exidx.text._ZNSt9bad_allocD0Ev
                0x0000000010006fd4        0x0 /usr/lib/gcc/arm-none-eabi/10.3.1/../../../arm-none-eabi/lib/thumb/v6-m/nofp/libstdc++.a(bad_alloc.o)
                                          0x8 (size before relaxing)
 .ARM.exidx.text._ZN12_GLOBAL__N_14pool4freeEPv.constprop.0
                0x0000000010006fd4        0x0 /usr/lib/gcc/arm-none-eabi/10.3.1/../../../arm-none-eabi/lib/thumb/v6-m/nofp/libstdc++.a(eh_alloc.o)
                                          0x8 (size before relaxing)
 .ARM.exidx.text._ZN12_GLOBAL__N_14pool8allocateEj.constprop.0
                0x0000000010006fd4        0x0 /usr/lib/gcc/arm-none-eabi/10.3.1/../../../arm-none-eabi/lib/thumb/v6-m/nofp/libstdc++.a(eh_alloc.o)
                                          0x8 (size before relaxing)
 .ARM.exidx.text.__cxa_allocate_exception
                0x0000000010006fd4        0x0 /usr/lib/gcc/arm-none-eabi/10.3.1/../../../arm-none-eabi/lib/thumb/v6-m/nofp/libstdc++.a(eh_alloc.o)
                                          0x8 (size before relaxing)
 .ARM.exidx.text.__cxa_free_exception
                0x0000000010006fd4        0x0 /usr/lib/gcc/arm-none-eabi/10.3.1/../../../arm-none-eabi/lib/thumb/v6-m/nofp/libstdc++.a(eh_alloc.o)
                                          0x8 (size before relaxing)
 .ARM.exidx.text.startup._GLOBAL__sub_I__ZN9__gnu_cxx9__freeresEv
                0x0000000010006fd4        0x0 /usr/lib/gcc/arm-none-eabi/10.3.1/../../../arm-none-eabi/lib/thumb/v6-m/nofp/libstdc++.a(eh_alloc.o)
                                          0x8 (size before relaxing)
 .ARM.exidx.text.__cxa_type_match
                0x0000000010006fd4        0x8 /usr/lib/gcc/arm-none-eabi/10.3.1/../../../arm-none-eabi/lib/thumb/v6-m/nofp/libstdc++.a(eh_arm.o)
 .ARM.exidx.text.__cxa_begin_cleanup
                0x0000000010006fdc        0x8 /usr/lib/gcc/arm-none-eabi/10.3.1/../../../arm-none-eabi/lib/thumb/v6-m/nofp/libstdc++.a(eh_arm.o)
 .ARM.exidx.text.__gnu_end_cleanup
                0x0000000010006fe4        0x0 /usr/lib/gcc/arm-none-eabi/10.3.1/../../../arm-none-eabi/lib/thumb/v6-m/nofp/libstdc++.a(eh_arm.o)
                                          0x8 (size before relaxing)
 .ARM.exidx.text._ZNSt9exceptionD2Ev
                0x0000000010006fe4        0x0 /usr/lib/gcc/arm-none-eabi/10.3.1/../../../arm-none-eabi/lib/thumb/v6-m/nofp/libstdc++.a(eh_exception.o)
                                          0x8 (size before relaxing)
 .ARM.exidx.text._ZNSt13bad_exceptionD2Ev
                0x0000000010006fe4        0x0 /usr/lib/gcc/arm-none-eabi/10.3.1/../../../arm-none-eabi/lib/thumb/v6-m/nofp/libstdc++.a(eh_exception.o)
                                          0x8 (size before relaxing)
 .ARM.exidx.text._ZNKSt13bad_exception4whatEv
                0x0000000010006fe4        0x0 /usr/lib/gcc/arm-none-eabi/10.3.1/../../../arm-none-eabi/lib/thumb/v6-m/nofp/libstdc++.a(eh_exception.o)
                                          0x8 (size before relaxing)
 .ARM.exidx.text._ZNSt13bad_exceptionD0Ev
                0x0000000010006fe4        0x0 /usr/lib/gcc/arm-none-eabi/10.3.1/../../../arm-none-eabi/lib/thumb/v6-m/nofp/libstdc++.a(eh_exception.o)
                                          0x8 (size before relaxing)
 .ARM.exidx.text.__cxa_get_globals_fast
                0x0000000010006fe4        0x0 /usr/lib/gcc/arm-none-eabi/10.3.1/../../../arm-none-eabi/lib/thumb/v6-m/nofp/libstdc++.a(eh_globals.o)
                                          0x8 (size before relaxing)
 .ARM.exidx.text.__cxa_get_globals
                0x0000000010006fe4        0x0 /usr/lib/gcc/arm-none-eabi/10.3.1/../../../arm-none-eabi/lib/thumb/v6-m/nofp/libstdc++.a(eh_globals.o)
                                          0x8 (size before relaxing)
 .ARM.exidx.text._ZL28read_encoded_value_with_basehjPKhPj
                0x0000000010006fe4        0x8 /usr/lib/gcc/arm-none-eabi/10.3.1/../../../arm-none-eabi/lib/thumb/v6-m/nofp/libstdc++.a(eh_personality.o)
 .ARM.exidx.text._ZL21base_of_encoded_valuehP15_Unwind_Context
                0x0000000010006fec        0x8 /usr/lib/gcc/arm-none-eabi/10.3.1/../../../arm-none-eabi/lib/thumb/v6-m/nofp/libstdc++.a(eh_personality.o)
 .ARM.exidx.text._ZL17parse_lsda_headerP15_Unwind_ContextPKhP16lsda_header_info
                0x0000000010006ff4        0x8 /usr/lib/gcc/arm-none-eabi/10.3.1/../../../arm-none-eabi/lib/thumb/v6-m/nofp/libstdc++.a(eh_personality.o)
 .ARM.exidx.text.__gxx_personality_v0
                0x0000000010006ffc        0x8 /usr/lib/gcc/arm-none-eabi/10.3.1/../../../arm-none-eabi/lib/thumb/v6-m/nofp/libstdc++.a(eh_personality.o)
 .ARM.exidx.text._ZN10__cxxabiv111__terminateEPFvvE
                0x0000000010007004        0x8 /usr/lib/gcc/arm-none-eabi/10.3.1/../../../arm-none-eabi/lib/thumb/v6-m/nofp/libstdc++.a(eh_terminate.o)
 .ARM.exidx.text._ZSt9terminatev
                0x000000001000700c        0x8 /usr/lib/gcc/arm-none-eabi/10.3.1/../../../arm-none-eabi/lib/thumb/v6-m/nofp/libstdc++.a(eh_terminate.o)
 .ARM.exidx.text._ZN10__cxxabiv112__unexpectedEPFvvE
                0x0000000010007014        0x8 /usr/lib/gcc/arm-none-eabi/10.3.1/../../../arm-none-eabi/lib/thumb/v6-m/nofp/libstdc++.a(eh_terminate.o)
 .ARM.exidx.text._ZSt10unexpectedv
                0x000000001000701c        0x0 /usr/lib/gcc/arm-none-eabi/10.3.1/../../../arm-none-eabi/lib/thumb/v6-m/nofp/libstdc++.a(eh_terminate.o)
                                          0x8 (size before relaxing)
 .ARM.exidx.text._ZSt13get_terminatev
                0x000000001000701c        0x8 /usr/lib/gcc/arm-none-eabi/10.3.1/../../../arm-none-eabi/lib/thumb/v6-m/nofp/libstdc++.a(eh_terminate.o)
 .ARM.exidx.text._ZSt14get_unexpectedv